  B4block.c
  C4.c
  C4BUFFER.C
  C4COM2.C
  C4CONECT.C
  C4CONLOW.C
  C4THREAD.C
  C4UTIL.C
  C4bcd.c
  C4code.c
  C4com.c
  C4const.c
  C4hook.c
  C4trans.c
  D4MODIFY.C
  D4append.c
  D4bottom.c
  D4close.c
  D4create.c
  D4data.c
  Generating Code...
  Compiling...
  D4date.c
  D4extra.c
  D4field.c
  D4file.c
  D4flush.c
  D4fresh.c
  D4go.c
  D4index.c
  D4info.c
  D4inline.c
  D4lock.c
  D4open.c
  D4opt.c
  D4pack.c
  D4positi.c
  D4remove.c
  D4seek.c
  D4skip.c
  D4tag.c
  D4top.c
  Generating Code...
  Compiling...
  D4unlock.c
  D4write.c
  D4zap.c
  Df4lock.c
  Df4unlok.c
  E4EVENT.C
  E4calc.c
  E4calc_2.c
  E4error.c
  E4expr.c
  E4functi.c
  E4not_s.c
  E4parse.c
  E4string.c
  F4WSTR.C
  F4ass_f.c
  F4char.c
  F4close.c
  F4create.c
  F4double.c
  Generating Code...
  Compiling...
  F4field.c
  F4file.c
  F4filese.c
  F4flag.c
  F4flush.c
  F4info.c
  F4int.c
  F4lock.c
  F4long.c
  F4memo.c
  F4open.c
  F4opt.c
  F4ptr.c
  F4str.c
  F4temp.c
  F4true.c
  F4write.c
  I4THREAD.C
  I4add.c
  I4addtag.c
  Generating Code...
  Compiling...
  I4check.c
  I4create.c
  I4dump.c
  I4index.c
  I4info.c
  I4init.c
  I4key.c
  I4lock.c
  I4ntag.c
  I4positi.c
  I4remove.c
  I4tag.c
  L4MUTEX.C
  L4link.c
  L4lock_c.c
  M4check.c
  M4create.c
  M4file.c
  M4map.c
  M4memo.c
  Generating Code...
  Compiling...
  M4memory.c
  O4opt.c
  R4area.c
  R4bit.c
  R4drive2.c
  R4driver.c
  R4group.c
  R4log.c
  R4obj.c
  R4regs.c
  R4reinde.c
  R4reindx.c
  R4relate.c
  R4report.c
  R4save.c
  R4save_2.c
  R4style.c
  R4total.c
  S4SIGNAL.C
  S4init.c
  Generating Code...
  Compiling...
  S4initfr.c
  S4next.c
  S4quick.c
  S4sort.c
  SEMA4.C
  U4name.c
  U4util.c
  b4node.c
  c4baspas.c
  c4send.c
  c4set.c
  f4find.cpp
  i4conv.c
  Generating Code...
..\..\WorkingSource\c4dll32.def(1): warning LNK4017: DESCRIPTION statement not supported for the target platform; ignored
     Creating library .\./C4dll.lib and object .\./C4dll.exp
  C4dll.vcxproj -> E:\GIT_Repositories\CodeBase-for-DBF\build\MVStudio_2022_Project_VFP_STAND_ALONE_32\C4dll.dll
