 s4dll

 Timestamp is 4f0e0ee4 (Wed Jan 11 15:36:20 2012)

 Preferred load address is 10000000

 Start         Length     Name                   Class
 0001:00000000 00070cfeH .text                   CODE
 0002:00000000 000015afH .rdata                  DATA
 0002:000015b0 00004549H .edata                  DATA
 0003:00000000 00000004H .CRT$XCA                DATA
 0003:00000004 00000004H .CRT$XCU                DATA
 0003:00000008 00000004H .CRT$XCZ                DATA
 0003:0000000c 00000004H .CRT$XIA                DATA
 0003:00000010 0000000cH .CRT$XIC                DATA
 0003:0000001c 00000004H .CRT$XIZ                DATA
 0003:00000020 00000004H .CRT$XPA                DATA
 0003:00000024 00000004H .CRT$XPX                DATA
 0003:00000028 00000004H .CRT$XPZ                DATA
 0003:0000002c 00000004H .CRT$XTA                DATA
 0003:00000030 00000004H .CRT$XTZ                DATA
 0003:00000040 00011910H .data                   DATA
 0003:00011950 00005c70H .bss                    DATA
 0004:00000000 000000a0H .idata$2                DATA
 0004:000000a0 00000014H .idata$3                DATA
 0004:000000b4 000002d0H .idata$4                DATA
 0004:00000384 000002d0H .idata$5                DATA
 0004:00000654 00000a8aH .idata$6                DATA

  Address         Publics by Value              Rva+Base     Lib:Object

 0001:00000000       _x4reverseShort@4          10001000 f   b4block.obj
 0001:00000020       _x4reverseLong@4           10001020 f   b4block.obj
 0001:00000050       _x4reverseLongLong@4       10001050 f   b4block.obj
 0001:000000a0       _x4reverseDouble@4         100010a0 f   b4block.obj
 0001:000000f0       _b4calcBlanks              100010f0 f   b4block.obj
 0001:00000120       _b4alloc                   10001120 f   b4block.obj
 0001:00000190       _b4free                    10001190 f   b4block.obj
 0001:000001d0       _b4leafInit                100011d0 f   b4block.obj
 0001:00000310       _b4calcDups                10001310 f   b4block.obj
 0001:00000340       _x4putInfo                 10001340 f   b4block.obj
 0001:000003a0       _b4insertLeaf              100013a0 f   b4block.obj
 0001:00000900       ??1Find4file@@QAE@XZ       10001900 f i b4block.obj
 0001:00000910       ??4Find4file@@QAEAAV0@ABV0@@Z 10001910 f i b4block.obj
 0001:00000930       ??_FFind4file@@QAEXXZ      10001930 f i b4block.obj
 0001:00000940       _b4insertBranch            10001940 f   b4block.obj
 0001:00000cf0       _b4reindex                 10001cf0 f   b4block.obj
 0001:00000e70       _b4doFlush                 10001e70 f   b4block.obj
 0001:00000f00       _b4goEof                   10001f00 f   b4block.obj
 0001:00000f30       _b4key@8                   10001f30 f   b4block.obj
 0001:000010f0       _b4dataLeaf                100020f0 f   b4block.obj
 0001:00001100       _b4brReplace               10002100 f   b4block.obj
 0001:00001170       _b4rBrseek                 10002170 f   b4block.obj
 0001:00001250       _b4seek                    10002250 f   b4block.obj
 0001:00001320       ?u4tailCmp@@YAHPBX0I@Z     10002320 f   b4block.obj
 0001:00001360       _b4leafSeek                10002360 f   b4block.obj
 0001:00001970       _b4removeLeaf              10002970 f   b4block.obj
 0001:00001f00       _b4remove                  10002f00 f   b4block.obj
 0001:00001f80       _b4skip@8                  10002f80 f   b4block.obj
 0001:000021e0       _b4nodeGetFilePosition     100031e0 f   B4NODE.obj
 0001:00002220       _b4nodeSetFromFilePosition 10003220 f   B4NODE.obj
 0001:00002250       _b4nodeSubtractBlocks      10003250 f   B4NODE.obj
 0001:00002270       _b4nodeAddBlocks           10003270 f   B4NODE.obj
 0001:00002290       _b4getFilePosition         10003290 f   B4NODE.obj
 0001:000022b0       _c4atod@8                  100032b0 f   c4.obj
 0001:00002300       _c4atod2@12                10003300 f   c4.obj
 0001:00002350       _c4atoi@8                  10003350 f   c4.obj
 0001:000023a0       _c4atol@8                  100033a0 f   c4.obj
 0001:000023f0       _c4atofloat@8              100033f0 f   c4.obj
 0001:00002670       _c4atoul@8                 10003670 f   c4.obj
 0001:000026d0       _c4atoLongLong@8           100036d0 f   c4.obj
 0001:00002720       _c4utoa@4                  10003720 f   c4.obj
 0001:00002740       _c4utoaLen@12              10003740 f   c4.obj
 0001:00002770       _c4clip@12                 10003770 f   c4.obj
 0001:000027e0       _c4dtoa45@20               100037e0 f   c4.obj
 0001:00002aa0       _c4encode@16               10003aa0 f   c4.obj
 0001:00002b30       _c4ltoa45@12               10003b30 f   c4.obj
 0001:00002cb0       _c4trimNLow                10003cb0 f   c4.obj
 0001:00002d10       _c4trimN@8                 10003d10 f   c4.obj
 0001:00002d30       _c4lower@4                 10003d30 f   c4.obj
 0001:00002d40       _c4upper@4                 10003d40 f   c4.obj
 0001:00002d50       _c4calcType@4              10003d50 f   c4.obj
 0001:00002d70       _DllMain@12                10003d70 f   C4CODE.obj
 0001:00002d90       ?c4getFuncPtr@@YGHPAUHINSTANCE__@@PBDPAPAX@Z 10003d90 f   C4CODE.obj
 0001:00002db0       _c4compress                10003db0 f   C4CODE.obj
 0001:00002e30       _c4uncompress              10003e30 f   C4CODE.obj
 0001:00002e50       _code4initLow@20           10003e50 f   C4CODE.obj
 0001:00003440       _code4allocLow@12          10004440 f   C4CODE.obj
 0001:000034f0       _code4initAllocLow@4       100044f0 f   C4CODE.obj
 0001:00003530       _code4actionCode@4         10004530 f   C4CODE.obj
 0001:00003540       _expr4calcDelete@8         10004540 f   C4CODE.obj
 0001:000035b0       _code4calcReset@4          100045b0 f   C4CODE.obj
 0001:00003600       _code4initUndo@4           10004600 f   C4CODE.obj
 0001:00003be0       _dfile4data                10004be0 f   C4CODE.obj
 0001:00003c40       _tran4dataName             10004c40 f   C4CODE.obj
 0001:00003d50       _code4idDataTrans          10004d50 f   C4CODE.obj
 0001:00003e20       _code4idDataAlias          10004e20 f   C4CODE.obj
 0001:00003ef0       _tran4dataPtrOnly          10004ef0 f   C4CODE.obj
 0001:00003f30       _tran4data                 10004f30 f   C4CODE.obj
 0001:00003fe0       _code4data@8               10004fe0 f   C4CODE.obj
 0001:000040a0       _code4version@4            100050a0 f   C4CODE.obj
 0001:000040b0       _code4indexFormat@4        100050b0 f   C4CODE.obj
 0001:000040e0       _code4largeOn@4            100050e0 f   C4CODE.obj
 0001:00004100       _code4largeOnLow           10005100 f   C4CODE.obj
 0001:00004110       _code4indexExtension@4     10005110 f   C4CODE.obj
 0001:00004190       _code4memoExtension@4      10005190 f   C4CODE.obj
 0001:00004200       _u4switch@0                10005200 f   C4CODE.obj
 0001:00004210       _code4enterExclusive@12    10005210 f   C4CODE.obj
 0001:00004280       _code4exitExclusive@8      10005280 f   C4CODE.obj
 0001:000042b0       _c4getLargeOn@4            100052b0 f   C4CODE.obj
 0001:000042d0       _code4tranInitUndoLow      100052d0 f   C4CODE.obj
 0001:00004330       _code4osVersion@0          10005330 f   C4CODE.obj
 0001:000043a0       ?code4validateModifyTemp@@YAHPAUCODE4St@@PBDE@Z 100053a0 f   C4CODE.obj
 0001:00004500       ?code4validateAddOpen@@YAHPAUCODE4St@@PBDE@Z 10005500 f   C4CODE.obj
 0001:00004760       ?code4validateAddClose@@YAHPAUCODE4St@@PBDE@Z 10005760 f   C4CODE.obj
 0001:00004900       _code4validate@12          10005900 f   C4CODE.obj
 0001:00004c60       ?code4validateUndo@@YAHPAUCODE4St@@@Z 10005c60 f   C4CODE.obj
 0001:00004c90       _code4additionalFunction@24 10005c90 f   C4CODE.obj
 0001:00004ca0       _code4additionalFunctionOdbc@24 10005ca0 f   C4CODE.obj
 0001:00004d40       _code4logInfoDo@8          10005d40 f   C4CODE.obj
 0001:00004d70       _code4encryptFile@8        10005d70 f   C4CODE.obj
 0001:00004d90       _server4initEncrypt        10005d90 f   C4CODE.obj
 0001:000051f0       _code4encryptFileGet       100061f0 f   C4CODE.obj
 0001:00005260       _code4encryptFileHook      10006260 f   C4CODE.obj
 0001:00005280       _code4fileDecrypt          10006280 f   C4CODE.obj
 0001:000052b0       _code4filePreprocess       100062b0 f   C4CODE.obj
 0001:000052e0       _code4filePreprocessDone   100062e0 f   C4CODE.obj
 0001:00005300       _code4unlockAutoCB@4       10006300 f   C4CODE.obj
 0001:00005310       _code4unlockAutoSetCB@8    10006310 f   C4CODE.obj
 0001:00005330       _connect4bufferDisconnect  10006330 f   c4buffer.obj
 0001:00005380       _connect4bufferInit        10006380 f   c4buffer.obj
 0001:00005520       _connect4bufferInitUndo    10006520 f   c4buffer.obj
 0001:00005610       ?error4isolated@@YAHPAUCODE4St@@PAUSERVER4CLIENTSt@@HJ@Z 10006610 f   c4buffer.obj
 0001:00005650       _connect4bufferInitRead    10006650 f   c4buffer.obj
 0001:00005770       _connect4bufferReceive@16  10006770 f   c4buffer.obj
 0001:00006090       _connect4bufferSend@12     10007090 f   c4buffer.obj
 0001:00006390       _connect4bufferSendLong@8  10007390 f   c4buffer.obj
 0001:000063c0       _connect4bufferReceiveChar@8 100073c0 f   c4buffer.obj
 0001:000063f0       _connect4bufferReceiveShort@8 100073f0 f   c4buffer.obj
 0001:00006440       _connect4bufferReceiveLong@8 10007440 f   c4buffer.obj
 0001:00006470       _connect4bufferReceiveString@8 10007470 f   c4buffer.obj
 0001:000064c0       _connect4bufferReceiveWideString@8 100074c0 f   c4buffer.obj
 0001:00006500       _connect4bufferSendString@8 10007500 f   c4buffer.obj
 0001:00006540       _connect4bufferSendWideString@8 10007540 f   c4buffer.obj
 0001:00006580       _connect4bufferSendShort@8 10007580 f   c4buffer.obj
 0001:000065b0       _connect4bufferSendChar@8  100075b0 f   c4buffer.obj
 0001:000065d0       _connect4bufferSendFlush@4 100075d0 f   c4buffer.obj
 0001:000066a0       _connect4bufferWriteRetrieve 100076a0 f   c4buffer.obj
 0001:00006730       _connect4disconnect        10007730 f   C4CONECT.obj
 0001:00006740       _connect4init              10007740 f   C4CONECT.obj
 0001:00006800       _connect4initUndo          10007800 f   C4CONECT.obj
 0001:00006890       _connect4localTcpAddress   10007890 f   C4CONECT.obj
 0001:000068e0       _connect4peerTcpAddress    100078e0 f   C4CONECT.obj
 0001:00006910       _connect4workContinue      10007910 f   C4CONECT.obj
 0001:000069f0       _connect4lowCompressConfigure 100079f0 f   c4conlow.obj
 0001:00006a20       _connect4lowUncompress     10007a20 f   c4conlow.obj
 0001:00006a70       _address4makeNetID         10007a70 f   c4conlow.obj
 0001:00006aa0       _connect4lowEnterExclusive 10007aa0 f   c4conlow.obj
 0001:00006ac0       _connect4lowExitExclusive  10007ac0 f   c4conlow.obj
 0001:00006ad0       _connect4lowAccept         10007ad0 f   c4conlow.obj
 0001:00006b30       _connect4lowClose          10007b30 f   c4conlow.obj
 0001:00006ba0       _connect4lowConnect        10007ba0 f   c4conlow.obj
 0001:00006bc0       _connect4lowConnectConnect 10007bc0 f   c4conlow.obj
 0001:00006e20       _connect4lowListen         10007e20 f   c4conlow.obj
 0001:00006f50       _connect4lowLocalTcpAddress 10007f50 f   c4conlow.obj
 0001:00006fa0       _connect4lowPeerTcpAddress 10007fa0 f   c4conlow.obj
 0001:00006ff0       _connect4lowRead           10007ff0 f   c4conlow.obj
 0001:00007280       _connect4lowWrite          10008280 f   c4conlow.obj
 0001:00007490       _connect4lowReadAsynchronous 10008490 f   c4conlow.obj
 0001:00007550       _connect4lowWriteAsynchronous 10008550 f   c4conlow.obj
 0001:00007670       _connect4lowWriteSynchronous 10008670 f   c4conlow.obj
 0001:000077b0       ?htond@@YANN@Z             100087b0 f   c4conlow.obj
 0001:000077c0       _connect4threadRegisterShutdown 100087c0 f   C4THREAD.obj
 0001:00007930       _connect4threadCompleteRequest 10008930 f   C4THREAD.obj
 0001:00007980       _connect4threadInit        10008980 f   C4THREAD.obj
 0001:00007a90       _connect4threadInitUndo    10008a90 f   C4THREAD.obj
 0001:00007b80       _connect4threadReadCompleted 10008b80 f   C4THREAD.obj
 0001:00008060       _connect4threadReadStore   10009060 f   C4THREAD.obj
 0001:00008230       _connect4threadReadRequest 10009230 f   C4THREAD.obj
 0001:00008280       _connect4threadReadSignalRetrieve 10009280 f   C4THREAD.obj
 0001:000082d0       _connect4threadWriteCompleted 100092d0 f   C4THREAD.obj
 0001:00008380       _connect4threadWriteSignalRetrieve 10009380 f   C4THREAD.obj
 0001:000083c0       _connection4init           100093c0 f   c4com.obj
 0001:000083e0       _connection4initUndo       100093e0 f   c4com.obj
 0001:000084f0       _connection4receiveMessage 100094f0 f   c4com.obj
 0001:00008fa0       _connection4addData        10009fa0 f   c4com.obj
 0001:000090b0       _connection4clear          1000a0b0 f   c4com.obj
 0001:000090f0       _connection4sendMessageLow@8 1000a0f0 f   c4com.obj
 0001:000091f0       _connection4setStatus      1000a1f0 f   c4com.obj
 0001:00009230       _bitmap4reduce             1000a230 f   C4CONST.obj
 0001:000092f0       _bitmap4redistribute       1000a2f0 f   C4CONST.obj
 0001:00009640       _bitmap4redistributeLeaf   1000a640 f   C4CONST.obj
 0001:00009a20       _bitmap4redistributeBranch 1000aa20 f   C4CONST.obj
 0001:00009be0       _bitmap4seek               1000abe0 f   C4CONST.obj
 0001:00009d80       _const4return              1000ad80 f   C4CONST.obj
 0001:00009da0       _const4memAlloc            1000ada0 f   C4CONST.obj
 0001:00009df0       _const4duplicate           1000adf0 f   C4CONST.obj
 0001:00009e70       _const4get                 1000ae70 f   C4CONST.obj
 0001:00009f10       _const4less                1000af10 f   C4CONST.obj
 0001:0000a050       _const4eq                  1000b050 f   C4CONST.obj
 0001:0000a0a0       _const4lessEq              1000b0a0 f   C4CONST.obj
 0001:0000a1e0       _const4addNe               1000b1e0 f   C4CONST.obj
 0001:0000a260       _const4deleteNe            1000b260 f   C4CONST.obj
 0001:0000a280       _c4indexBlockSizeGet       1000b280 f   c4set.obj
 0001:0000a2a0       _c4indexMultiplierGet      1000b2a0 f   c4set.obj
 0001:0000a2c0       _code4indexBlockSizeSet@8  1000b2c0 f   c4set.obj
 0001:0000a360       _c4setRunAsService@8       1000b360 f   c4set.obj
 0001:0000a380       _c4getPreprocess@4         1000b380 f   c4set.obj
 0001:0000a3b0       _c4getFileAccessed@4       1000b3b0 f   c4set.obj
 0001:0000a3e0       _code4setPreprocessFile@8  1000b3e0 f   c4set.obj
 0001:0000a420       _c4getTimeout@4            1000b420 f   c4set.obj
 0001:0000a450       _c4getDecimals@4           1000b450 f   c4set.obj
 0001:0000a460       _c4setDecimals@8           1000b460 f   c4set.obj
 0001:0000a490       _code4limitKeySizeSet@8    1000b490 f   c4set.obj
 0001:0000a4c0       ?tran4lowCloseDelayed@@YAXPAUTRAN4St@@@Z 1000b4c0 f   c4trans.obj
 0001:0000a500       _tran4getTime              1000b500 f   c4trans.obj
 0001:0000a570       _tran4fileLowInit          1000b570 f   c4trans.obj
 0001:0000a5b0       ?tran4fileLowAppend@@YGHPAUTRAN4FILE_LOWSt@@PAULOG4HEADER@@PBDH@Z 1000b5b0 f   c4trans.obj
 0001:0000a7c0       _tran4fileAppend@16        1000b7c0 f   c4trans.obj
 0001:0000a840       _tran4lowAppend@12         1000b840 f   c4trans.obj
 0001:0000a8c0       _tran4fileLowClose         1000b8c0 f   c4trans.obj
 0001:0000a920       _tran4fileClose@4          1000b920 f   c4trans.obj
 0001:0000a950       _tran4fileLowCreate        1000b950 f   c4trans.obj
 0001:0000aa80       _tran4fileCreate           1000ba80 f   c4trans.obj
 0001:0000aaa0       _tran4fileLowLenSet        1000baa0 f   c4trans.obj
 0001:0000aac0       _tran4fileLowOpen          1000bac0 f   c4trans.obj
 0001:0000ae90       _tran4read@4               1000be90 f   c4trans.obj
 0001:0000afa0       ?tran4fileLowTop@@YGHPAUTRAN4FILE_LOWSt@@PAUTRAN4St@@@Z 1000bfa0 f   c4trans.obj
 0001:0000b000       _tran4fileTop@8            1000c000 f   c4trans.obj
 0001:0000b020       ?tran4fileLowBottom@@YGHPAUTRAN4FILE_LOWSt@@PAUTRAN4St@@@Z 1000c020 f   c4trans.obj
 0001:0000b080       _tran4fileBottom@8         1000c080 f   c4trans.obj
 0001:0000b0c0       ?tran4fileLowSkip@@YGHPAUTRAN4FILE_LOWSt@@PAUTRAN4St@@H@Z 1000c0c0 f   c4trans.obj
 0001:0000b1e0       _tran4fileSkip@12          1000c1e0 f   c4trans.obj
 0001:0000b220       _tran4getData@8            1000c220 f   c4trans.obj
 0001:0000b270       _tran4set@32               1000c270 f   c4trans.obj
 0001:0000b520       _tran4putData@12           1000c520 f   c4trans.obj
 0001:0000b5a0       _tran4lowUnappend          1000c5a0 f   c4trans.obj
 0001:0000b7c0       _tran4lowUnwrite           1000c7c0 f   c4trans.obj
 0001:0000bb20       _tran4lowStart@12          1000cb20 f   c4trans.obj
 0001:0000bc60       _code4tranRollbackSingle   1000cc60 f   c4trans.obj
 0001:0000bd00       _tran4lowRollback@12       1000cd00 f   c4trans.obj
 0001:0000bf00       _tran4lowCommitPhaseOne@12 1000cf00 f   c4trans.obj
 0001:0000c040       _tran4lowCommitPhaseTwo@12 1000d040 f   c4trans.obj
 0001:0000c3d0       _code4tranCommit@4         1000d3d0 f   c4trans.obj
 0001:0000c440       _code4tranCommitSingle@4   1000d440 f   c4trans.obj
 0001:0000c4a0       _code4transFileEnable      1000d4a0 f   c4trans.obj
 0001:0000c550       _code4transFileEnableBackup@12 1000d550 f   c4trans.obj
 0001:0000c620       _tran4addUser              1000d620 f   c4trans.obj
 0001:0000c7f0       _code4transFilePopulate    1000d7f0 f   c4trans.obj
 0001:0000c930       _tran4freeLocks@8          1000d930 f   c4trans.obj
 0001:0000c980       _tran4closeAll             1000d980 f   c4trans.obj
 0001:0000c9f0       _code4tranInitLow          1000d9f0 f   c4trans.obj
 0001:0000ca40       _tran4fileLowMarkBackupClose 1000da40 f   c4trans.obj
 0001:0000ca80       _code4transInitUndo@4      1000da80 f   c4trans.obj
 0001:0000cbf0       _code4transInit            1000dbf0 f   c4trans.obj
 0001:0000cc10       _code4tranLockTransactions@8 1000dc10 f   c4trans.obj
 0001:0000cce0       _code4tranUnlockTransactions@8 1000dce0 f   c4trans.obj
 0001:0000cd60       _tran4lock                 1000dd60 f   c4trans.obj
 0001:0000cf20       _tran4active               1000df20 f   c4trans.obj
 0001:0000d0c0       _code4lockClear@4          1000e0c0 f   c4trans.obj
 0001:0000d100       _code4tranStatusCB@4       1000e100 f   c4trans.obj
 0001:0000d120       _code4tranStatusSetCB@8    1000e120 f   c4trans.obj
 0001:0000d140       _code4connectionStatus@4   1000e140 f   c4util.obj
 0001:0000dc50       _d4assignAutoTimestampField 1000ec50 f   D4APPEND.obj
 0001:0000dc90       _d4lockAppendRecord@8      1000ec90 f   D4APPEND.obj
 0001:0000ddc0       _d4transEnabled            1000edc0 f   D4APPEND.obj
 0001:0000de10       _d4startMiniTransactionIfRequired 1000ee10 f   D4APPEND.obj
 0001:0000de70       _d4append@4                1000ee70 f   D4APPEND.obj
 0001:0000ea80       _d4appendOledb@4           1000fa80 f   D4APPEND.obj
 0001:0000eae0       _d4appendBlank@4           1000fae0 f   D4APPEND.obj
 0001:0000eb20       _d4appendStartLow@8        1000fb20 f   D4APPEND.obj
 0001:0000eb70       _d4appendStart@8           1000fb70 f   D4APPEND.obj
 0001:0000eba0       _D4appendDirect@8          1000fba0 f   D4APPEND.obj
 0001:0000ebf0       _d4unappend@4              1000fbf0 f   D4APPEND.obj
 0001:0000eec0       _d4bottom@4                1000fec0 f   D4BOTTOM.obj
 0001:0000f090       _dfile4closeLow            10010090 f   d4close.obj
 0001:0000f250       _code4dataFileCloseAll     10010250 f   d4close.obj
 0001:0000f2a0       _dfile4close               100102a0 f   d4close.obj
 0001:0000f330       _d4closeTemp               10010330 f   d4close.obj
 0001:0000f360       _d4logClose                10010360 f   d4close.obj
 0001:0000f400       _d4close@4                 10010400 f   d4close.obj
 0001:0000f6d0       _d4createTemp@12           100106d0 f   D4CREATE.obj
 0001:0000f720       _d4createLow@16            10010720 f   D4CREATE.obj
 0001:0000fa90       _d4create@16               10010a90 f   D4CREATE.obj
 0001:0000fb40       _format4createName         10010b40 f   D4CREATE.obj
 0001:0000fb70       _dfile4verifyNotAlreadyOpen 10010b70 f   D4CREATE.obj
 0001:0000fbc0       _d4logCreate               10010bc0 f   D4CREATE.obj
 0001:0000ff50       _dfile4create              10010f50 f   D4CREATE.obj
 0001:00011380       _d4compress@12             10012380 f   D4CREATE.obj
 0001:00012290       _d4alias@4                 10013290 f   d4data.obj
 0001:000122c0       _d4aliasFix                100132c0 f   d4data.obj
 0001:00012300       _d4aliasSet@8              10013300 f   d4data.obj
 0001:00012360       _d4blankLow@8              10013360 f   d4data.obj
 0001:000123f0       _d4blank@4                 100133f0 f   d4data.obj
 0001:00012430       _d4bof@4                   10013430 f   d4data.obj
 0001:00012470       _d4delete@4                10013470 f   d4data.obj
 0001:000124a0       _d4eof@4                   100134a0 f   d4data.obj
 0001:000124e0       _d4fileName@4              100134e0 f   d4data.obj
 0001:00012510       _d4logStatusCB@4           10013510 f   d4data.obj
 0001:00012540       _d4readOld                 10013540 f   d4data.obj
 0001:000125b0       _d4recall@4                100135b0 f   d4data.obj
 0001:000125e0       _d4recCountLessEq@8        100135e0 f   d4data.obj
 0001:00012640       _d4recCountLess@8          10013640 f   d4data.obj
 0001:000126a0       _d4recCountGreater@8       100136a0 f   d4data.obj
 0001:00012700       _d4recCountDo@4            10013700 f   d4data.obj
 0001:00012710       _d4recCountDo2@8           10013710 f   d4data.obj
 0001:000127c0       _d4recWidthLow@4           100137c0 f   d4data.obj
 0001:00012840       _d4verify                  10013840 f   d4data.obj
 0001:000128c0       _d4versionNumber@4         100138c0 f   d4data.obj
 0001:00012950       _d4compatibilityExport@4   10013950 f   d4data.obj
 0001:00012970       _d4readBufferConfigure@8   10013970 f   d4data.obj
 0001:000129c0       _d4indexList@4             100139c0 f   d4data.obj
 0001:000129f0       _date4isLeap@4             100139f0 f   D4DATE.obj
 0001:00012a40       _c4monDy@16                10013a40 f   D4DATE.obj
 0001:00012af0       _c4ytoj@4                  10013af0 f   D4DATE.obj
 0001:00012b50       _date4assignLow@12         10013b50 f   D4DATE.obj
 0001:00012c50       _date4cdow@4               10013c50 f   D4DATE.obj
 0001:00012c70       _date4cmonth@4             10013c70 f   D4DATE.obj
 0001:00012c90       _date4dow@4                10013c90 f   D4DATE.obj
 0001:00012cc0       _date4format@12            10013cc0 f   D4DATE.obj
 0001:00012e20       _date4formatMdx@4          10013e20 f   D4DATE.obj
 0001:00012e50       _date4formatMdx2@8         10013e50 f   D4DATE.obj
 0001:00012e90       _date4init@12              10013e90 f   D4DATE.obj
 0001:00013130       _date4yymmddToJulianLong@12 10014130 f   D4DATE.obj
 0001:00013200       _date4long@4               10014200 f   D4DATE.obj
 0001:00013290       _date4timeNow@4            10014290 f   D4DATE.obj
 0001:000132f0       _date4today@4              100142f0 f   D4DATE.obj
 0001:00013350       _date4timeNowFull          10014350 f   D4DATE.obj
 0001:000133e0       _lock4groupLock            100143e0 f   d4extra.obj
 0001:00013480       _lock4groupUnlock          10014480 f   d4extra.obj
 0001:000135e0       _d4field@8                 100145e0 f   d4field.obj
 0001:00013630       _d4fieldJ@8                10014630 f   d4field.obj
 0001:000136a0       _d4fieldNull@4             100146a0 f   d4field.obj
 0001:000136d0       _d4fieldNumber@8           100146d0 f   d4field.obj
 0001:000137f0       _f4nullable@4              100147f0 f   d4field.obj
 0001:00013800       _dfile4read                10014800 f   d4file.obj
 0001:000138b0       _dfile4recCount@8          100148b0 f   d4file.obj
 0001:00013990       _dfile4name                10014990 f   d4file.obj
 0001:000139a0       _d4fullPath@4              100149a0 f   d4file.obj
 0001:000139c0       _dfile4getAutoIncrementValue 100149c0 f   d4file.obj
 0001:00013a10       _dfile4updateHeader        10014a10 f   d4file.obj
 0001:00013b60       _d4changed@8               10014b60 f   D4FLUSH.obj
 0001:00013ba0       _d4flush@4                 10014ba0 f   D4FLUSH.obj
 0001:00013be0       _d4flushData               10014be0 f   D4FLUSH.obj
 0001:00013c20       _dfile4flushIndex          10014c20 f   D4FLUSH.obj
 0001:00013c80       _dfile4flushData           10014c80 f   D4FLUSH.obj
 0001:00013cc0       _dfile4updateIndexes       10014cc0 f   D4FLUSH.obj
 0001:00013d00       _d4update@4                10014d00 f   D4FLUSH.obj
 0001:00013d90       _d4updateRecord            10014d90 f   D4FLUSH.obj
 0001:00013f20       _d4refresh@4               10014f20 f   D4FRESH.obj
 0001:00013f60       _dfile4refresh             10014f60 f   D4FRESH.obj
 0001:00013fd0       _d4goLow@12                10014fd0 f   d4go.obj
 0001:00013ff0       _d4goLow2@16               10014ff0 f   d4go.obj
 0001:00014240       _dfile4goData              10015240 f   d4go.obj
 0001:00014340       _d4goEof@4                 10015340 f   d4go.obj
 0001:000143c0       _d4goDirectRead@16         100153c0 f   d4go.obj
 0001:00014410       _d4freeBlocks@4            10015410 f   d4index.obj
 0001:00014470       _d4index@8                 10015470 f   d4index.obj
 0001:00014790       _dfile4index               10015790 f   d4index.obj
 0001:00014810       ?d4packMonitor@@YAXPAX@Z   10015810 f   d4index.obj
 0001:00014810       ?d4reindexMonitor@@YAXPAX@Z 10015810 f   d4index.obj
 0001:00014810       ?i4createMonitor@@YAXPAX@Z 10015810 f   d4index.obj
 0001:000148a0       ?d4reindexThread@@YAXPAX@Z 100158a0 f   d4index.obj
 0001:000148c0       _d4reindexWithProgress@12  100158c0 f   d4index.obj
 0001:00014a10       _d4reindex@4               10015a10 f   d4index.obj
 0001:00014ad0       _code4unlockAuto@4         10015ad0 f   D4INLINE.obj
 0001:00014b20       _d4lock@8                  10015b20 f   d4lock.obj
 0001:00014b40       _d4lockInternal@16         10015b40 f   d4lock.obj
 0001:00014db0       _d4lockAddAppend@4         10015db0 f   d4lock.obj
 0001:00014e60       _d4lockAddAll@4            10015e60 f   d4lock.obj
 0001:00014f10       _d4lockAddFile@4           10015f10 f   d4lock.obj
 0001:00014fc0       _d4lockAdd@8               10015fc0 f   d4lock.obj
 0001:000150a0       _d4lockAll@4               100160a0 f   d4lock.obj
 0001:000150b0       _d4lockAllInternal@8       100160b0 f   d4lock.obj
 0001:00015160       _d4lockAppend@4            10016160 f   d4lock.obj
 0001:00015170       _d4lockAppendInternal@8    10016170 f   d4lock.obj
 0001:00015390       _d4lockFile@4              10016390 f   d4lock.obj
 0001:000153b0       _d4lockFileInternal@12     100163b0 f   d4lock.obj
 0001:000156a0       _d4lockTest@12             100166a0 f   d4lock.obj
 0001:00015750       _d4lockTestAppend@4        10016750 f   d4lock.obj
 0001:000157f0       _setServer4global@4        100167f0 f   d4main.obj
 0001:00015810       _setService@0              10016810 f   d4main.obj
 0001:00015820       _server4taskbarIcon        10016820 f   d4main.obj
 0001:000158d0       _InitApplication@4         100168d0 f   d4main.obj
 0001:00015960       ?doServerGui@@YAXQAUHINSTANCE__@@QAX@Z 10016960 f   d4main.obj
 0001:00015f50       _InitInstance@8            10016f50 f   d4main.obj
 0001:00016160       ?initAboutDialog@@YAXPAUHWND__@@J@Z 10017160 f   d4main.obj
 0001:00016400       _AboutProc@16              10017400 f   d4main.obj
 0001:00016480       ?AboutLicence@@YGJPAUHWND__@@IIJ@Z 10017480 f   d4main.obj
 0001:000166c0       ?UpdateWindowGUI@@YAXXZ    100176c0 f   d4main.obj
 0001:00016970       ?AboutConfig@@YGJPAUHWND__@@IIJ@Z 10017970 f   d4main.obj
 0001:00016b10       ?menu4about@@YAXPAUHWND__@@P6GH0IIJ@Z@Z 10017b10 f   d4main.obj
 0001:00016b60       ?menu4licence@@YAXPAUHWND__@@P6GH0IIJ@Z@Z 10017b60 f   d4main.obj
 0001:00016ba0       ?start4config@@YAXPAUHWND__@@P6GH0IIJ@Z@Z 10017ba0 f   d4main.obj
 0001:00016bd0       ?server4getRegistryString@@YAHPAUHKEY__@@PBD1PADK@Z 10017bd0 f   d4main.obj
 0001:00016c40       ?server4setRegistryString@@YAHPAUHKEY__@@PBD11K@Z 10017c40 f   d4main.obj
 0001:00016cb0       ?runProcess@@YAHPAD@Z      10017cb0 f   d4main.obj
 0001:00016d00       ?mainParentNotify@@YAXIJPAUHWND__@@@Z 10017d00 f   d4main.obj
 0001:00016f50       _MainWndProc@16            10017f50 f   d4main.obj
 0001:00017320       _local4main                10018320 f   d4main.obj
 0001:00017490       _d4serverInitialize        10018490 f   d4main.obj
 0001:00017530       _d4server@4                10018530 f   d4main.obj
 0001:00017850       _server4initUser           10018850 f   d4main.obj
 0001:00017a90       _d4copyTable@12            10018a90 f   D4MODIFY.obj
 0001:00017ef0       _d4replace@12              10018ef0 f   D4MODIFY.obj
 0001:00018130       _d4fieldsAdd@12            10019130 f   D4MODIFY.obj
 0001:00018a00       _d4modifyStructure@12      10019a00 f   D4MODIFY.obj
 0001:00018f90       _d4fieldsRemove@12         10019f90 f   D4MODIFY.obj
 0001:000199f0       _d4openConcludeSetupTransactions 1001a9f0 f   D4OPEN.obj
 0001:00019bd0       _d4open@8                  1001abd0 f   D4OPEN.obj
 0001:0001a600       _d4openClone@4             1001b600 f   D4OPEN.obj
 0001:0001ae00       _dfile4open                1001be00 f   D4OPEN.obj
 0001:0001bce0       _code4optStart@4           1001cce0 f   D4OPT.obj
 0001:0001be00       _code4optRestart           1001ce00 f   D4OPT.obj
 0001:0001c200       _code4optSuspend@4         1001d200 f   D4OPT.obj
 0001:0001c2e0       _d4optimizeWrite@8         1001d2e0 f   D4OPT.obj
 0001:0001c320       _dfile4optimizeWrite       1001d320 f   D4OPT.obj
 0001:0001c8e0       ?d4packThread@@YAXPAX@Z    1001d8e0 f   d4pack.obj
 0001:0001c900       _d4packWithProgress@12     1001d900 f   d4pack.obj
 0001:0001ca20       _d4pack@4                  1001da20 f   d4pack.obj
 0001:0001cc50       _d4packData@4              1001dc50 f   d4pack.obj
 0001:0001cd20       _dfile4packData            1001dd20 f   d4pack.obj
 0001:0001cf20       _d4position@4              1001df20 f   D4POSITI.obj
 0001:0001d060       _d4position2@8             1001e060 f   D4POSITI.obj
 0001:0001d090       _d4positionSet@12          1001e090 f   D4POSITI.obj
 0001:0001d250       _d4remove@4                1001e250 f   D4REMOVE.obj
 0001:0001d2a0       _dfile4remove@4            1001e2a0 f   D4REMOVE.obj
 0001:0001d350       ?tcp4charToAddress@@YAHPBDEPAUTCP4ADDRESS@@@Z 1001e350 f   d4secure.obj
 0001:0001d450       ?f4tcpAddress@@YAHPAUFIELD4St@@PAUTCP4ADDRESS@@@Z 1001e450 f   d4secure.obj
 0001:0001d480       ?tcp4addressToChar@@YAXPADUTCP4ADDRESS@@@Z 1001e480 f   d4secure.obj
 0001:0001d510       ?account4userInit@@YGHPAUACCOUNT4USER@@PAUACCOUNT4@@PAUPRIVILEGE4@@UTCP4ADDRESS@@PBD4@Z 1001e510 f   d4secure.obj
 0001:0001d8c0       ?account4userAllowReadLow@@YGEPAUACCOUNT4USER@@PAUDATA4St@@@Z 1001e8c0 f   d4secure.obj
 0001:0001d900       ?account4userAllowAppend@@YGEPAUACCOUNT4USER@@PAUDATA4St@@@Z 1001e900 f   d4secure.obj
 0001:0001d950       ?account4userAllowDelete@@YGEPAUACCOUNT4USER@@PAUDATA4St@@@Z 1001e950 f   d4secure.obj
 0001:0001d9a0       ?account4userAllowUpdate@@YGEPAUACCOUNT4USER@@PAUDATA4St@@@Z 1001e9a0 f   d4secure.obj
 0001:0001d9f0       ?account4userAllowIndex@@YGEPAUACCOUNT4USER@@PAUDATA4St@@@Z 1001e9f0 f   d4secure.obj
 0001:0001da40       ?account4userAllowCompress@@YGEPAUACCOUNT4USER@@PAUDATA4St@@@Z 1001ea40 f   d4secure.obj
 0001:0001da90       ?privilege4allowDo@@YGEPAUPRIVILEGE4@@PBD1PAUFIELD4St@@@Z 1001ea90 f   d4secure.obj
 0001:0001dc10       ?privilege4init@@YGHPAUCODE4St@@PAUPRIVILEGE4@@PBDH@Z 1001ec10 f   d4secure.obj
 0001:0001dfe0       ?account4init@@YGHPAUCODE4St@@PAUACCOUNT4@@PBDH@Z 1001efe0 f   d4secure.obj
 0001:0001e3c0       ?account4initUndo@@YGXPAUACCOUNT4@@@Z 1001f3c0 f   d4secure.obj
 0001:0001e3c0       ?privilege4initUndo@@YGXPAUPRIVILEGE4@@@Z 1001f3c0 f   d4secure.obj
 0001:0001e3e0       ?account4userAllowCreate@@YGEPAUACCOUNT4USER@@HH@Z 1001f3e0 f   d4secure.obj
 0001:0001e410       _collate4simpleMapping     1001f410 f   D4SEEK.obj
 0001:0001e420       _tfile4stok                1001f420 f   D4SEEK.obj
 0001:0001e510       ?tfile4ftok@@YAXPAUTAG4FILESt@@PADM@Z 1001f510 f   D4SEEK.obj
 0001:0001e570       _tfile4dtok                1001f570 f   D4SEEK.obj
 0001:0001e5d0       _tfile4stokExport@16       1001f5d0 f   D4SEEK.obj
 0001:0001e5f0       _tfile4dtokExport@16       1001f5f0 f   D4SEEK.obj
 0001:0001e610       _tfile4ftokExport@16       1001f610 f   D4SEEK.obj
 0001:0001e630       _d4seek@8                  1001f630 f   D4SEEK.obj
 0001:0001e680       _d4seekNext@8              1001f680 f   D4SEEK.obj
 0001:0001e6d0       _d4seekNextN@12            1001f6d0 f   D4SEEK.obj
 0001:0001f110       _d4seekNLow                10020110 f   D4SEEK.obj
 0001:0001f340       _d4seekN@12                10020340 f   D4SEEK.obj
 0001:0001f380       _d4seekDouble@12           10020380 f   D4SEEK.obj
 0001:0001f4e0       _d4seekLongLong@12         100204e0 f   D4SEEK.obj
 0001:0001f640       _d4seekNextLongLong@12     10020640 f   D4SEEK.obj
 0001:0001f8e0       _d4seekNextDouble@12       100208e0 f   D4SEEK.obj
 0001:0001fb70       _server4setServerPtr@4     10020b70 f   d4server.obj
 0001:0001fb80       _server4alloc@0            10020b80 f   d4server.obj
 0001:0001fba0       _server4free@4             10020ba0 f   d4server.obj
 0001:0001fbb0       _server4numClients@4       10020bb0 f   d4server.obj
 0001:0001fc50       _server4maxUsers@4         10020c50 f   d4server.obj
 0001:0001fc70       _server4numTransCommitted@4 10020c70 f   d4server.obj
 0001:0001fc90       _server4autoRecovery@4     10020c90 f   d4server.obj
 0001:0001fcd0       _server4numTransRolledBack@4 10020cd0 f   d4server.obj
 0001:0001fcf0       _server4numTables@4        10020cf0 f   d4server.obj
 0001:0001fd10       _server4lockCount@4        10020d10 f   d4server.obj
 0001:0001fd30       _server4portNumber@4       10020d30 f   d4server.obj
 0001:0001fd60       _server4name@4             10020d60 f   d4server.obj
 0001:0001fd80       ?server4worker@@YAXPAX@Z   10020d80 f   d4server.obj
 0001:00020090       ?server4accept@@YAXPAX@Z   10021090 f   d4server.obj
 0001:000201a0       _server4transInitServerId  100211a0 f   d4server.obj
 0001:000202c0       _server4init@20            100212c0 f   d4server.obj
 0001:00021d30       _server4disconnect@8       10022d30 f   d4server.obj
 0001:00021de0       _server4initUndo@4         10022de0 f   d4server.obj
 0001:00022230       _server4open               10023230 f   d4server.obj
 0001:000223a0       _server4quit@8             100233a0 f   d4server.obj
 0001:000223d0       _server4processMessage@8   100233d0 f   d4server.obj
 0001:00023790       _server4closeAll           10024790 f   d4server.obj
 0001:00023880       _server4info               10024880 f   d4server.obj
 0001:00023ab0       _error4hook@24             10024ab0 f   d4server.obj
 0001:00023df0       _server4setDoExit@8        10024df0 f   d4server.obj
 0001:00023e20       _server4getDoExit@4        10024e20 f   d4server.obj
 0001:00023e30       _server4waitOnQuitOrExit@4 10024e30 f   d4server.obj
 0001:00023ea0       _server4maxSockets@4       10024ea0 f   d4server.obj
 0001:00023eb0       _server4keepOpen@8         10024eb0 f   d4server.obj
 0001:00023ed0       _server4systemPath@4       10024ed0 f   d4server.obj
 0001:00023ee0       _c4CatalogClient@4         10024ee0 f   d4server.obj
 0001:00023ef0       _server4getCode4@4         10024ef0 f   d4server.obj
 0001:00023f00       _server4setPreprocess@8    10024f00 f   d4server.obj
 0001:00023f20       _server4clientGetServer@4  10024f20 f   d4server.obj
 0001:00023f30       _server4clientGetConnect@4 10024f30 f   d4server.obj
 0001:00023f40       _D4create                  10024f40 f   d4servex.obj
 0001:00024100       _D4createOpen@48           10025100 f   d4servex.obj
 0001:000241c0       _D4compress                100251c0 f   d4servex.obj
 0001:000242f0       _D4remove                  100252f0 f   d4servex.obj
 0001:00024380       _D4recCount                10025380 f   d4servex.obj
 0001:000243d0       _D4close                   100253d0 f   d4servex.obj
 0001:000243e0       _D4bottom                  100253e0 f   d4servex.obj
 0001:00024430       _D4position                10025430 f   d4servex.obj
 0001:00024480       _D4positionSet             10025480 f   d4servex.obj
 0001:000244d0       _D4reindex                 100254d0 f   d4servex.obj
 0001:00024530       _D4pack                    10025530 f   d4servex.obj
 0001:00024590       _D4top                     10025590 f   d4servex.obj
 0001:000245e0       _D4memoCompress            100255e0 f   d4servex.obj
 0001:00024610       _D4zap                     10025610 f   d4servex.obj
 0001:00024670       _D4open@40                 10025670 f   d4servex.obj
 0001:000247c0       _D4seekN                   100257c0 f   d4servex.obj
 0001:00024840       _D4seekDouble              10025840 f   d4servex.obj
 0001:000248c0       _D4seekLongLong            100258c0 f   d4servex.obj
 0001:00024940       _D4tagSync                 10025940 f   d4servex.obj
 0001:00024990       _D4skip                    10025990 f   d4servex.obj
 0001:00024b00       _D4unlock                  10025b00 f   d4servex.obj
 0001:00024b20       _I4reindex                 10025b20 f   d4servex.obj
 0001:00024b60       _I4tagAdd@8                10025b60 f   d4servex.obj
 0001:00024ba0       _D4check                   10025ba0 f   d4servex.obj
 0001:00024bd0       _D4write                   10025bd0 f   d4servex.obj
 0001:00024c70       _D4append                  10025c70 f   d4servex.obj
 0001:00024cb0       _Server4clientTranAddUser  10025cb0 f   d4servex.obj
 0001:00024d20       _Client4unlock             10025d20 f   d4servex.obj
 0001:00024d80       _code4findFirstConnection  10025d80 f   d4serv2.obj
 0001:00024df0       _server4clientAccept       10025df0 f   d4serv2.obj
 0001:00025640       _server4clientCancel       10026640 f   d4serv2.obj
 0001:00025850       _server4clientDataCopy     10026850 f   d4serv2.obj
 0001:000258c0       _server4clientDataModify   100268c0 f   d4serv2.obj
 0001:00025c40       _server4clientInit@12      10026c40 f   d4serv2.obj
 0001:00025cf0       _server4clientInitUndo     10026cf0 f   d4serv2.obj
 0001:00025f30       _server4clientPack         10026f30 f   d4serv2.obj
 0001:00026060       _server4clientPasswordSet  10027060 f   d4serv2.obj
 0001:000261c0       _server4clientTransactionCommitPhaseTwo 100271c0 f   d4serv2.obj
 0001:00026480       _server4clientTransactionRollback 10027480 f   d4serv2.obj
 0001:000264b0       _u4switch2@0               100274b0 f   d4serv2.obj
 0001:000264b0       _server4clientCatalogSet   100274b0 f   d4serv2.obj
 0001:000264b0       ?d4clearTables@@YAHPAUDATA4FILESt@@@Z 100274b0 f   d4serv2.obj
 0001:000264c0       _server4clientDateFormatSet 100274c0 f   d4serv2.obj
 0001:00026510       _server4clientConfigName   10027510 f   d4serv2.obj
 0001:00026560       _server4clientDataCompress 10027560 f   d4serv2.obj
 0001:000265e0       _server4clientDataFileCodePage 100275e0 f   d4serv2.obj
 0001:00026640       _server4clientDataFileName 10027640 f   d4serv2.obj
 0001:000266c0       _server4clientTagBottom    100276c0 f   d4serv2.obj
 0001:000267e0       _server4clientTagCacheSkip 100277e0 f   d4serv2.obj
 0001:00026ce0       _server4clientTagCount     10027ce0 f   d4serv2.obj
 0001:00026e20       _server4clientTagExprKey   10027e20 f   d4serv2.obj
 0001:00026f70       _server4clientTagGo        10027f70 f   d4serv2.obj
 0001:000270f0       _server4clientTagEof       100280f0 f   d4serv2.obj
 0001:000271d0       _server4clientTagSeek      100281d0 f   d4serv2.obj
 0001:00027310       _server4clientTagSkip      10028310 f   d4serv2.obj
 0001:00027560       _server4clientTagPosition  10028560 f   d4serv2.obj
 0001:00027770       _server4clientTagPositionSet 10028770 f   d4serv2.obj
 0001:00027890       _server4clientTagTop       10028890 f   d4serv2.obj
 0001:000279d0       _server4clientTagFileName  100289d0 f   d4serv2.obj
 0001:00027a70       _server4clientIndexFileName 10028a70 f   d4serv2.obj
 0001:00027b20       _server4clientServerOS     10028b20 f   d4serv2.obj
 0001:00027b80       _server4clientIndexFormat  10028b80 f   d4serv2.obj
 0001:00027bc0       _server4clientIndexInfo    10028bc0 f   d4serv2.obj
 0001:00027e10       _server4clientUniqueSet    10028e10 f   d4serv2.obj
 0001:00027f90       _server4clientMemoCompress 10028f90 f   d4serv2.obj
 0001:00028010       _server4clientMemoRead     10029010 f   d4serv2.obj
 0001:000281a0       _server4clientZap          100291a0 f   d4serv2.obj
 0001:00028320       _server4clientReccount     10029320 f   d4serv2.obj
 0001:000283c0       _server4clientRemove       100293c0 f   d4serv2.obj
 0001:00028450       _server4clientClose        10029450 f   d4serv2.obj
 0001:000284a0       _server4clientCloseIndex   100294a0 f   d4serv2.obj
 0001:00028580       _server4clientBottom       10029580 f   d4serv2.obj
 0001:000286e0       _server4clientCalcCreate   100296e0 f   d4serv2.obj
 0001:00028890       _server4clientCalcReset    10029890 f   d4serv2.obj
 0001:000288b0       _server4clientTop          100298b0 f   d4serv2.obj
 0001:00028ad0       _server4clientGo           10029ad0 f   d4serv2.obj
 0001:00028c30       _server4clientLockGroup    10029c30 f   d4serv2.obj
 0001:00028e90       _server4clientLock         10029e90 f   d4serv2.obj
 0001:00029160       _server4clientRemoveTag    1002a160 f   d4serv2.obj
 0001:000291e0       _server4clientAddTag       1002a1e0 f   d4serv2.obj
 0001:00029410       _server4clientSwapLogFile  1002a410 f   d4serv2.obj
 0001:00029780       _server4clientCreateIndex  1002a780 f   d4serv2.obj
 0001:00029a70       _server4clientCreate       1002aa70 f   d4serv2.obj
 0001:0002a190       _server4clientStatus       1002b190 f   d4serv2.obj
 0001:0002a280       _server4clientOpen         1002b280 f   d4serv2.obj
 0001:0002a550       _server4clientOpenIndex    1002b550 f   d4serv2.obj
 0001:0002a7b0       _server4clientSeek         1002b7b0 f   d4serv2.obj
 0001:0002aa00       _server4clientSeekDouble   1002ba00 f   d4serv2.obj
 0001:0002ac40       _server4clientSeekLongLong 1002bc40 f   d4serv2.obj
 0001:0002ae70       _server4clientMsgWriteBatch 1002be70 f   d4serv2.obj
 0001:0002b310       _server4clientMsgCompress  1002c310 f   d4serv2.obj
 0001:0002b380       _server4clientMsgRelateSkipMulti 1002c380 f   d4serv2.obj
 0001:0002b610       _server4clientMsgSkip      1002c610 f   d4serv2.obj
 0001:0002bda0       _server4clientSkip         1002cda0 f   d4serv2.obj
 0001:0002bf10       _server4clientTagSync      1002cf10 f   d4serv2.obj
 0001:0002c0b0       _server4clientUnlock@4     1002d0b0 f   d4serv2.obj
 0001:0002c1b0       _server4clientUnlockAppend 1002d1b0 f   d4serv2.obj
 0001:0002c210       _server4clientVersion      1002d210 f   d4serv2.obj
 0001:0002c290       _server4clientFlush        1002d290 f   d4serv2.obj
 0001:0002c310       _server4clientWrite        1002d310 f   d4serv2.obj
 0001:0002c670       _server4clientTransactionStart 1002d670 f   d4serv2.obj
 0001:0002c770       _server4clientTransactionCommitPhaseOne 1002d770 f   d4serv2.obj
 0001:0002c7a0       _server4clientTransactionCommitBothPhases 1002d7a0 f   d4serv2.obj
 0001:0002c7e0       _Server4clientTranCommit   1002d7e0 f   d4serv2.obj
 0001:0002c810       _Server4clientTranRollback 1002d810 f   d4serv2.obj
 0001:0002c840       _Server4clientTranStart    1002d840 f   d4serv2.obj
 0001:0002c8e0       _server4clientRelateInit   1002d8e0 f   d4serv2.obj
 0001:0002d290       _server4clientRelateTop    1002e290 f   d4serv2.obj
 0001:0002d430       _server4clientRelateBottom 1002e430 f   d4serv2.obj
 0001:0002d4c0       _server4clientRelateOpt    1002e4c0 f   d4serv2.obj
 0001:0002d550       _server4clientRelateSkip   1002e550 f   d4serv2.obj
 0001:0002d600       _server4clientRelateDo     1002e600 f   d4serv2.obj
 0001:0002d750       _server4clientRelateDoOne  1002e750 f   d4serv2.obj
 0001:0002d8a0       _server4clientRelateFree   1002e8a0 f   d4serv2.obj
 0001:0002d920       _server4clientCheck        1002e920 f   d4serv2.obj
 0001:0002d9e0       _server4clientDirectory    1002e9e0 f   d4serv2.obj
 0001:0002dce0       _server4clientCurrentDirectory 1002ece0 f   d4serv2.obj
 0001:0002dd60       _server4clientConnectNew   1002ed60 f   d4serv2.obj
 0001:0002dff0       _server4clientConnect      1002eff0 f   d4serv2.obj
 0001:0002e130       _server4clientPing         1002f130 f   d4serv2.obj
 0001:0002e210       _server4clientReindex      1002f210 f   d4serv2.obj
 0001:0002e350       _server4clientReindexIndex 1002f350 f   d4serv2.obj
 0001:0002e420       _server4clientPosition     1002f420 f   d4serv2.obj
 0001:0002e580       _server4clientPositionSet  1002f580 f   d4serv2.obj
 0001:0002e6e0       _server4clientAppend       1002f6e0 f   d4serv2.obj
 0001:0002e9a0       _server4clientConnectCloseFiles 1002f9a0 f   d4serv2.obj
 0001:0002e9d0       _server4clientConnectCut   1002f9d0 f   d4serv2.obj
 0001:0002ec70       _server4clientConnectCutAll 1002fc70 f   d4serv2.obj
 0001:0002ee10       _server4clientConnectAcceptNew 1002fe10 f   d4serv2.obj
 0001:0002ee60       _server4clientReceive      1002fe60 f   d4serv2.obj
 0001:0002f0f0       _server4clientCloseRecv    100300f0 f   d4serv2.obj
 0001:0002f130       _server4clientOpenRecv     10030130 f   d4serv2.obj
 0001:0002f2a0       _server4clientOpenSend     100302a0 f   d4serv2.obj
 0001:0002f370       _server4clientSend         10030370 f   d4serv2.obj
 0001:0002f580       _server4clientSendCheck    10030580 f   d4serv2.obj
 0001:0002f5f0       _server4clientSendCancel   100305f0 f   d4serv2.obj
 0001:0002f650       _server4clientTransactionInit 10030650 f   d4serv2.obj
 0001:0002f7a0       _server4clientTranEofHalt  100307a0 f   d4serv2.obj
 0001:0002f840       _server4clientTranEof      10030840 f   d4serv2.obj
 0001:0002f8b0       _server4clientLicenceCheck 100308b0 f   d4serv2.obj
 0001:0002f920       _server4clientRelateCount  10030920 f   d4serv2.obj
 0001:0002f9c0       _server4clientAdditionalFunction 100309c0 f   d4serv2.obj
 0001:0002fb90       _server4clientMsgPreprocessB 10030b90 f   d4serv2.obj
 0001:0002fbf0       _server4clientMsgPreprocessED 10030bf0 f   d4serv2.obj
 0001:0002fc40       _server4clientTables       10030c40 f   d4servol.obj
 0001:0002fca0       _d4skipRecno               10030ca0 f   d4skip.obj
 0001:0002fef0       _d4tagSync@8               10030ef0 f   d4skip.obj
 0001:0002ff50       _d4tagSyncDo               10030f50 f   d4skip.obj
 0001:00030370       _d4skip@8                  10031370 f   d4skip.obj
 0001:00030770       _d4tag@8                   10031770 f   D4TAG.obj
 0001:00030820       _dfile4tag                 10031820 f   D4TAG.obj
 0001:000308d0       _d4tagDefault@4            100318d0 f   D4TAG.obj
 0001:00030920       _d4tagNext@8               10031920 f   D4TAG.obj
 0001:000309d0       _dfile4tagNext             100319d0 f   D4TAG.obj
 0001:00030a40       _d4tagPrev@8               10031a40 f   D4TAG.obj
 0001:00030ad0       _d4tagSelect@8             10031ad0 f   D4TAG.obj
 0001:00030b30       _d4tagSelected@4           10031b30 f   D4TAG.obj
 0001:00030b60       _d4numTags@4               10031b60 f   D4TAG.obj
 0001:00030b90       _d4top@4                   10031b90 f   D4TOP.obj
 0001:00030d30       _d4goBof@4                 10031d30 f   D4TOP.obj
 0001:00030d90       _d4unlockLow@12            10031d90 f   d4unlock.obj
 0001:000310c0       _d4unlockAppendInternal@8  100320c0 f   d4unlock.obj
 0001:00031110       _d4unlockData@8            10032110 f   d4unlock.obj
 0001:00031180       _d4unlockFile@8            10032180 f   d4unlock.obj
 0001:00031220       _d4unlockRecord@8          10032220 f   d4unlock.obj
 0001:000312f0       _d4unlockRecords@8         100322f0 f   d4unlock.obj
 0001:000313e0       _code4unlockDo             100323e0 f   d4unlock.obj
 0001:000314b0       _code4unlock@4             100324b0 f   d4unlock.obj
 0001:00031500       _d4writeLow@16             10032500 f   D4WRITE.obj
 0001:00031c60       _d4writeData               10032c60 f   D4WRITE.obj
 0001:00031cf0       ?dfile4writeData@@YAHPAUDATA4FILESt@@JPBD@Z 10032cf0 f   D4WRITE.obj
 0001:00031d80       _t4keyFind                 10032d80 f   D4WRITE.obj
 0001:00031de0       _d4hasMemoExpr             10032de0 f   D4WRITE.obj
 0001:00031e50       _d4writeKeys               10032e50 f   D4WRITE.obj
 0001:000329a0       _D4writeDirect@12          100339a0 f   D4WRITE.obj
 0001:00032a40       _d4zap@12                  10033a40 f   d4zap.obj
 0001:00032b80       _d4zapData@12              10033b80 f   d4zap.obj
 0001:00032cb0       _dfile4zapData             10033cb0 f   d4zap.obj
 0001:00032f40       _d4lockTestIndexExport@4   10033f40 f   df4lock.obj
 0001:00032f60       _d4lockIndexExport@4       10033f60 f   df4lock.obj
 0001:00032f80       _dfile4lock                10033f80 f   df4lock.obj
 0001:00033080       _dfile4lockMemo            10034080 f   df4lock.obj
 0001:000330a0       _dfile4lockAppend          100340a0 f   df4lock.obj
 0001:00033160       _dfile4lockTestFileInternal 10034160 f   df4lock.obj
 0001:00033260       _dfile4lockFile            10034260 f   df4lock.obj
 0001:00033400       _dfile4lockIndex@8         10034400 f   df4lock.obj
 0001:00033510       _dfile4lockTest            10034510 f   df4lock.obj
 0001:000335f0       _dfile4lockTestIndex@8     100345f0 f   df4lock.obj
 0001:00033650       _dfile4lockTestAppend@12   10034650 f   df4lock.obj
 0001:000336c0       _dfile4lockTestFile@16     100346c0 f   df4lock.obj
 0001:000337f0       _dfile4memoUnlock          100347f0 f   df4unlok.obj
 0001:00033820       _dfile4unlockAppend        10034820 f   df4unlok.obj
 0001:00033940       _dfile4unlockFile          10034940 f   df4unlok.obj
 0001:00033a30       _d4unlockIndex@4           10034a30 f   df4unlok.obj
 0001:00033a50       _dfile4unlockIndex@8       10034a50 f   df4unlok.obj
 0001:00033ac0       _dfile4unlockRecordDo      10034ac0 f   df4unlok.obj
 0001:00033ba0       _expr4calcMassage@4        10034ba0 f   E4CALC.obj
 0001:00033bf0       _code4calcCreate@12        10034bf0 f   E4CALC.obj
 0001:00033c90       _expr4calcLookup@16        10034c90 f   E4CALC.obj
 0001:00033d90       _expr4calcResultPos@8      10034d90 f   E4CALC.obj
 0001:00033e10       _expr4calcNameChange@12    10034e10 f   E4CALC.obj
 0001:000340c0       _error4file@12             100350c0 f   e4error.obj
 0001:000341c0       _error4callback@8          100351c0 f   e4error.obj
 0001:000341e0       _error4logAppend           100351e0 f   e4error.obj
 0001:000345b0       _error4code@4              100355b0 f   e4error.obj
 0001:000345f0       _error4code2               100355f0 f   e4error.obj
 0001:00034620       _error4set@8               10035620 f   e4error.obj
 0001:00034650       _error4set2@8              10035650 f   e4error.obj
 0001:00034680       _error4out@24              10035680 f   e4error.obj
 0001:000349c0       _error4default@12          100359c0 f   e4error.obj
 0001:000349e0       _error4describeDefault@24  100359e0 f   e4error.obj
 0001:00034a10       _error4describeExecute@24  10035a10 f   e4error.obj
 0001:00034a40       _expr4context@8            10035a40 f   E4EXPR.obj
 0001:00034ab0       _expr4reset                10035ab0 f   E4EXPR.obj
 0001:00034ae0       _expr4start                10035ae0 f   E4EXPR.obj
 0001:00034b00       _expr4double2@8            10035b00 f   E4EXPR.obj
 0001:00034b30       _expr4double@4             10035b30 f   E4EXPR.obj
 0001:00034be0       _expr4execute@12           10035be0 f   E4EXPR.obj
 0001:00034cf0       _expr4key@12               10035cf0 f   E4EXPR.obj
 0001:00034d60       _expr4keyConvert           10035d60 f   E4EXPR.obj
 0001:00035300       _collate4convertCharToKey@24 10036300 f   E4EXPR.obj
 0001:00035380       _c4getAutoRecover@4        10036380 f   E4EXPR.obj
 0001:00035380       ?expr4currency@@YGHPBUe4exprSt@@@Z 10036380 f   E4EXPR.obj
 0001:00035380       _code4ping@4               10036380 f   E4EXPR.obj
 0001:00035380       _code4serverOS@4           10036380 f   E4EXPR.obj
 0001:00035390       _expr4nullLow@8            10036390 f   E4EXPR.obj
 0001:00035400       _expr4keyLenFromType@12    10036400 f   E4EXPR.obj
 0001:00035490       _expr4keyLen@4             10036490 f   E4EXPR.obj
 0001:00035510       _expr4source@4             10036510 f   E4EXPR.obj
 0001:00035530       _expr4str@4                10036530 f   E4EXPR.obj
 0001:00035590       _expr4true@4               10036590 f   E4EXPR.obj
 0001:000355f0       _expr4vary@8               100365f0 f   E4EXPR.obj
 0001:000356d0       _e4functions@0             100366d0 f   e4functi.obj
 0001:000356e0       _expr4functions@4          100366e0 f   e4functi.obj
 0001:000356f0       ?e4add@@YAXXZ              100366f0 f   e4functi.obj
 0001:00035780       ?e4addFloat@@YAXXZ         10036780 f   e4functi.obj
 0001:00035800       ?e4addDate@@YAXXZ          10036800 f   e4functi.obj
 0001:00035880       ?e4and@@YAXXZ              10036880 f   e4functi.obj
 0001:000358f0       ?e4concatSpecial@@YAXD@Z   100368f0 f   e4functi.obj
 0001:00035a00       ?e4concatTrim@@YAXXZ       10036a00 f   e4functi.obj
 0001:00035a10       ?e4wstrLenCon@@YAXXZ       10036a10 f   e4functi.obj
 0001:00035a50       ?e4concatTwo@@YAXXZ        10036a50 f   e4functi.obj
 0001:00035a60       ?e4contain@@YAXXZ          10036a60 f   e4functi.obj
 0001:00035b20       ?e4copyConstant@@YAXXZ     10036b20 f   e4functi.obj
 0001:00035b80       ?e4copyToFloat@@YAXXZ      10036b80 f   e4functi.obj
 0001:00035bc0       ?e4fieldCopy@@YAXXZ        10036bc0 f   e4functi.obj
 0001:00035c70       ?e4copyParm@@YAXXZ         10036c70 f   e4functi.obj
 0001:00035d00       ?e4ctod@@YAXXZ             10036d00 f   e4functi.obj
 0001:00035d70       ?e4date@@YAXXZ             10036d70 f   e4functi.obj
 0001:00035dd0       ?e4day@@YAXXZ              10036dd0 f   e4functi.obj
 0001:00035e20       ?e4dayDoub@@YAXXZ          10036e20 f   e4functi.obj
 0001:00035e80       ?e4del@@YAXXZ              10036e80 f   e4functi.obj
 0001:00035ec0       ?e4deleted@@YAXXZ          10036ec0 f   e4functi.obj
 0001:00035f10       ?e4divide@@YAXXZ           10036f10 f   e4functi.obj
 0001:00035fa0       ?e4divideFlt@@YAXXZ        10036fa0 f   e4functi.obj
 0001:00036060       ?e4ttoc@@YAXXZ             10037060 f   e4functi.obj
 0001:000360b0       ?e4ttocDateTime@@YAXXZ     100370b0 f   e4functi.obj
 0001:00036170       ?e4ttocDoub@@YAXXZ         10037170 f   e4functi.obj
 0001:00036180       ?e4dtoc@@YAXXZ             10037180 f   e4functi.obj
 0001:00036200       ?e4dateTime@@YAXXZ         10037200 f   e4functi.obj
 0001:00036260       ?e4dtocDoub@@YAXXZ         10037260 f   e4functi.obj
 0001:00036270       ?e4space@@YAXXZ            10037270 f   e4functi.obj
 0001:000362b0       ?e4chr@@YAXXZ              100372b0 f   e4functi.obj
 0001:000362d0       ?e4dtosDoub@@YAXXZ         100372d0 f   e4functi.obj
 0001:00036320       ?e4equalCur@@YAXXZ         10037320 f   e4functi.obj
 0001:000363a0       ?e4equalDtTime@@YAXXZ      100373a0 f   e4functi.obj
 0001:00036420       ?e4equal@@YAXXZ            10037420 f   e4functi.obj
 0001:000364a0       ?e4false@@YAXXZ            100374a0 f   e4functi.obj
 0001:000364d0       ?e4fieldDateD@@YAXXZ       100374d0 f   e4functi.obj
 0001:00036560       ?e4fieldLog@@YAXXZ         10037560 f   e4functi.obj
 0001:000365f0       ?e4fieldMemo@@YAXXZ        100375f0 f   e4functi.obj
 0001:00036720       ?e4fieldCurD@@YAXXZ        10037720 f   e4functi.obj
 0001:000367f0       ?e4fieldIntF@@YAXXZ        100377f0 f   e4functi.obj
 0001:00036870       ?e4fieldIntD@@YAXXZ        10037870 f   e4functi.obj
 0001:00036900       ?e4fieldNumD@@YAXXZ        10037900 f   e4functi.obj
 0001:000369a0       ?e4fieldDoubD@@YAXXZ       100379a0 f   e4functi.obj
 0001:00036a20       ?e4greaterCur@@YAXXZ       10037a20 f   e4functi.obj
 0001:00036ad0       ?e4greaterDtTime@@YAXXZ    10037ad0 f   e4functi.obj
 0001:00036b80       ?e4greater@@YAXXZ          10037b80 f   e4functi.obj
 0001:00036c20       ?e4greaterDoub@@YAXXZ      10037c20 f   e4functi.obj
 0001:00036c80       ?e4greaterFloat@@YAXXZ     10037c80 f   e4functi.obj
 0001:00036ce0       ?e4greaterEqCur@@YAXXZ     10037ce0 f   e4functi.obj
 0001:00036d40       ?e4greaterEqDtTime@@YAXXZ  10037d40 f   e4functi.obj
 0001:00036da0       ?e4greaterEq@@YAXXZ        10037da0 f   e4functi.obj
 0001:00036e00       ?e4greaterEqDoub@@YAXXZ    10037e00 f   e4functi.obj
 0001:00036e90       ?e4greaterEqFloat@@YAXXZ   10037e90 f   e4functi.obj
 0001:00036f20       ?e4iif@@YAXXZ              10037f20 f   e4functi.obj
 0001:00036fa0       ?e4iifStr@@YAXXZ           10037fa0 f   e4functi.obj
 0001:00037050       ?e4lessCur@@YAXXZ          10038050 f   e4functi.obj
 0001:00037100       ?e4lessDtTime@@YAXXZ       10038100 f   e4functi.obj
 0001:000371b0       ?e4keyEqual@@YAXXZ         100381b0 f   e4functi.obj
 0001:00037300       ?e4less@@YAXXZ             10038300 f   e4functi.obj
 0001:000373a0       ?e4lessDoub@@YAXXZ         100383a0 f   e4functi.obj
 0001:00037400       ?e4lessFloat@@YAXXZ        10038400 f   e4functi.obj
 0001:00037460       ?e4lessEqCur@@YAXXZ        10038460 f   e4functi.obj
 0001:000374c0       ?e4lessEqDtTime@@YAXXZ     100384c0 f   e4functi.obj
 0001:00037520       ?e4lessEq@@YAXXZ           10038520 f   e4functi.obj
 0001:00037580       ?e4lessEqDoub@@YAXXZ       10038580 f   e4functi.obj
 0001:00037610       ?e4lessEqFloat@@YAXXZ      10038610 f   e4functi.obj
 0001:000376a0       ?e4ltrim@@YAXXZ            100386a0 f   e4functi.obj
 0001:00037730       ?e4alltrim@@YAXXZ          10038730 f   e4functi.obj
 0001:00037750       ?e4month@@YAXXZ            10038750 f   e4functi.obj
 0001:00037790       ?e4monthDoub@@YAXXZ        10038790 f   e4functi.obj
 0001:000377f0       ?e4multiply@@YAXXZ         100387f0 f   e4functi.obj
 0001:00037880       ?e4multiplyFlt@@YAXXZ      10038880 f   e4functi.obj
 0001:00037900       ?e4not@@YAXXZ              10038900 f   e4functi.obj
 0001:00037930       ?e4notEqualCur@@YAXXZ      10038930 f   e4functi.obj
 0001:000379b0       ?e4notEqualDtTime@@YAXXZ   100389b0 f   e4functi.obj
 0001:00037a30       ?e4notEqual@@YAXXZ         10038a30 f   e4functi.obj
 0001:00037ab0       ?e4or@@YAXXZ               10038ab0 f   e4functi.obj
 0001:00037b20       ?e4fieldAdd@@YAXXZ         10038b20 f   e4functi.obj
 0001:00037b70       ?e4parmRemove@@YAXXZ       10038b70 f   e4functi.obj
 0001:00037bc0       ?e4padLeft@@YAXXZ          10038bc0 f   e4functi.obj
 0001:00037c30       ?e4padRight@@YAXXZ         10038c30 f   e4functi.obj
 0001:00037cb0       ?e4power@@YAXXZ            10038cb0 f   e4functi.obj
 0001:00037cf0       ?e4recCount@@YAXXZ         10038cf0 f   e4functi.obj
 0001:00037d90       ?e4recno@@YAXXZ            10038d90 f   e4functi.obj
 0001:00037de0       ?e4stod@@YAXXZ             10038de0 f   e4functi.obj
 0001:00037e20       ?e4strZero@@YAXXZ          10038e20 f   e4functi.obj
 0001:00037ea0       ?e4str@@YAXXZ              10038ea0 f   e4functi.obj
 0001:00037ef0       ?e4wideToStr@@YAXXZ        10038ef0 f   e4functi.obj
 0001:00037f50       ?e4sub@@YAXXZ              10038f50 f   e4functi.obj
 0001:00037fe0       ?e4subFloat@@YAXXZ         10038fe0 f   e4functi.obj
 0001:00038060       ?e4subDate@@YAXXZ          10039060 f   e4functi.obj
 0001:00038120       ?e4substr@@YAXXZ           10039120 f   e4functi.obj
 0001:000381c0       ?e4time@@YAXXZ             100391c0 f   e4functi.obj
 0001:000381f0       ?e4trim@@YAXXZ             100391f0 f   e4functi.obj
 0001:00038230       ?expr4trueFunction@@YAXXZ  10039230 f   e4functi.obj
 0001:00038260       ?e4upper@@YAXXZ            10039260 f   e4functi.obj
 0001:000382d0       ?e4l2bin@@YAXXZ            100392d0 f   e4functi.obj
 0001:00038300       ?e4val@@YAXXZ              10039300 f   e4functi.obj
 0001:00038350       ?e4year@@YAXXZ             10039350 f   e4functi.obj
 0001:00038390       ?e4yearDoub@@YAXXZ         10039390 f   e4functi.obj
 0001:000383f0       ?e4ascend@@YAXXZ           100393f0 f   e4functi.obj
 0001:000386a0       ?e4descend@@YAXXZ          100396a0 f   e4functi.obj
 0001:000386e0       ?e4calcFunction@@YAXXZ     100396e0 f   e4functi.obj
 0001:00038760       ?e4empty@@YAXXZ            10039760 f   e4functi.obj
 0001:000387d0       ?e4emptyNum@@YAXXZ         100397d0 f   e4functi.obj
 0001:00038810       ?e4emptyDtTm@@YAXXZ        10039810 f   e4functi.obj
 0001:00038810       ?e4emptyLog@@YAXXZ         10039810 f   e4functi.obj
 0001:00038850       _tfile4versionCheck@12     10039850 f   e4not_s.obj
 0001:00038870       _e4lookup@16               10039870 f   e4parse.obj
 0001:00038890       _e4addConstant             10039890 f   e4parse.obj
 0001:000388d0       _e4functionAdd             100398d0 f   e4parse.obj
 0001:00038960       _expr4parseLow@12          10039960 f   e4parse.obj
 0001:00039a00       _e4getOperator             1003aa00 f   e4parse.obj
 0001:00039b40       _expr4parseExpr            1003ab40 f   e4parse.obj
 0001:00039cd0       _expr4parseFunction        1003acd0 f   e4parse.obj
 0001:0003a6b0       _expr4parseValue           1003b6b0 f   e4parse.obj
 0001:0003b240       _e4text                    1003c240 f   e4string.obj
 0001:0003b280       _error4lastDescription@4   1003c280 f   e4string.obj
 0001:0003b290       _error4text@8              1003c290 f   e4string.obj
 0001:0003b330       _error4number2@4           1003c330 f   e4string.obj
 0001:0003b3c0       _code4freeEvent            1003c3c0 f   E4EVENT.obj
 0001:0003b3e0       _code4getEvent             1003c3e0 f   E4EVENT.obj
 0001:0003b420       _code4clearEvents          1003c420 f   E4EVENT.obj
 0001:0003b470       _event4init                1003c470 f   E4EVENT.obj
 0001:0003b4a0       _event4initUndo            1003c4a0 f   E4EVENT.obj
 0001:0003b4c0       _event4reset               1003c4c0 f   E4EVENT.obj
 0001:0003b4e0       _event4wait                1003c4e0 f   E4EVENT.obj
 0001:0003b520       _f4assignField@8           1003c520 f   f4ass_f.obj
 0001:0003b770       _f4assignChar@8            1003c770 f   F4CHAR.obj
 0001:0003b7e0       _f4char@4                  1003c7e0 f   F4CHAR.obj
 0001:0003b870       _file4close@4              1003c870 f   f4close.obj
 0001:0003baa0       _file4exists@4             1003caa0 f   f4create.obj
 0001:0003bac0       _file4createInternal@20    1003cac0 f   f4create.obj
 0001:0003bdb0       _file4create@16            1003cdb0 f   f4create.obj
 0001:0003bdd0       _f4assignFloat@8           1003cdd0 f   F4DOUBLE.obj
 0001:0003be20       _f4assignDouble@12         1003ce20 f   F4DOUBLE.obj
 0001:0003bfc0       _f4float@4                 1003cfc0 f   F4DOUBLE.obj
 0001:0003c020       _f4double@4                1003d020 f   F4DOUBLE.obj
 0001:0003c170       _f4double2@8               1003d170 f   F4DOUBLE.obj
 0001:0003c1a0       _f4assignPtr@4             1003d1a0 f   F4FIELD.obj
 0001:0003c1f0       _f4blank@4                 1003d1f0 f   F4FIELD.obj
 0001:0003c370       _f4data@4                  1003d370 f   F4FIELD.obj
 0001:0003c3a0       _f4decimals@4              1003d3a0 f   F4FIELD.obj
 0001:0003c3d0       _f4len@4                   1003d3d0 f   F4FIELD.obj
 0001:0003c400       _f4name@4                  1003d400 f   F4FIELD.obj
 0001:0003c430       _f4number@4                1003d430 f   F4FIELD.obj
 0001:0003c470       _f4type@4                  1003d470 f   F4FIELD.obj
 0001:0003c4c0       _f4typeInternal            1003d4c0 f   F4FIELD.obj
 0001:0003c500       _date4timeCompare@8        1003d500 f   F4FIELD.obj
 0001:0003c550       _currency4compare@8        1003d550 f   F4FIELD.obj
 0001:0003c5e0       _currency4add@12           1003d5e0 f   F4FIELD.obj
 0001:0003c610       _currency4subtract@12      1003d610 f   F4FIELD.obj
 0001:0003c640       _currency4multiplyShort@12 1003d640 f   F4FIELD.obj
 0001:0003c7b0       _currency4divideShort@12   1003d7b0 f   F4FIELD.obj
 0001:0003c8c0       _c4currencyToA@20          1003d8c0 f   F4FIELD.obj
 0001:0003ca30       _c4atoCurrency@12          1003da30 f   F4FIELD.obj
 0001:0003cd20       _f4assignCurrency@8        1003dd20 f   F4FIELD.obj
 0001:0003cda0       _f4currency@8              1003dda0 f   F4FIELD.obj
 0001:0003ce60       _f4assignNotNull@4         1003de60 f   F4FIELD.obj
 0001:0003cef0       _f4assignNull@4            1003def0 f   F4FIELD.obj
 0001:0003cfc0       _f4null@4                  1003dfc0 f   F4FIELD.obj
 0001:0003d020       _f4dateTime@4              1003e020 f   F4FIELD.obj
 0001:0003d200       _f4assignDateTime@8        1003e200 f   F4FIELD.obj
 0001:0003d2a0       _f4accessMode@4            1003e2a0 f   F4FIELD.obj
 0001:0003d2d0       ?critical4sectionInit@@YAXPAUCRITICAL4SECTION@@@Z 1003e2d0 f   f4file.obj
 0001:0003d2f0       ?critical4sectionInitUndo@@YAXPAUCRITICAL4SECTION@@@Z 1003e2f0 f   f4file.obj
 0001:0003d310       ?critical4sectionEnter@@YAXPAUCRITICAL4SECTION@@@Z 1003e310 f   f4file.obj
 0001:0003d340       ?critical4sectionLeave@@YAXPAUCRITICAL4SECTION@@@Z 1003e340 f   f4file.obj
 0001:0003d360       _u4filelength@4            1003e360 f   f4file.obj
 0001:0003d3a0       _compress4handlerOffsetGet 1003e3a0 f   f4file.obj
 0001:0003d500       _file4lenLow@4             1003e500 f   f4file.obj
 0001:0003d650       _file4lenLow2@4            1003e650 f   f4file.obj
 0001:0003d670       _file4compressSetLenDo     1003e670 f   f4file.obj
 0001:0003db00       _file4lenSet@8             1003eb00 f   f4file.obj
 0001:0003db20       _file4lenSetLow            1003eb20 f   f4file.obj
 0001:0003ded0       _file4lenSetLow2@8         1003eed0 f   f4file.obj
 0001:0003def0       _file4nameLow@4            1003eef0 f   f4file.obj
 0001:0003df00       _file4readOnBoundary       1003ef00 f   f4file.obj
 0001:0003e130       _file4readDecompressDo     1003f130 f   f4file.obj
 0001:0003e5a0       _file4readLow              1003f5a0 f   f4file.obj
 0001:0003e910       _file4read@16              1003f910 f   f4file.obj
 0001:0003e960       _file4readInternal         1003f960 f   f4file.obj
 0001:0003e9f0       _file4readAll@16           1003f9f0 f   f4file.obj
 0001:0003ea40       _file4readAllInternal      1003fa40 f   f4file.obj
 0001:0003eb00       _file4readError@20         1003fb00 f   f4file.obj
 0001:0003eb70       _file4replace@8            1003fb70 f   f4file.obj
 0001:0003ee20       _file4alloc@4              1003fe20 f   f4file.obj
 0001:0003ee50       _file4advanceRead@28       1003fe50 f   f4file.obj
 0001:0003ef60       _file4advanceCancel        1003ff60 f   f4file.obj
 0001:0003f050       _file4advanceReadMain      10040050 f   f4file.obj
 0001:0003f170       _file4advanceReadWriteOver 10040170 f   f4file.obj
 0001:0003f520       ?file4advanceReadBufCompletionRoutine@@YAXPAX@Z 10040520 f   f4file.obj
 0001:0003f560       _opt4advanceReadBuf        10040560 f   f4file.obj
 0001:0003f7f0       _file4compressInit         100407f0 f   f4file.obj
 0001:0003f9b0       _compress4infoFree         100409b0 f   f4file.obj
 0001:0003fa20       _file4compressInitUndo     10040a20 f   f4file.obj
 0001:0003fa90       _file4compressInitArrayOffsets 10040a90 f   f4file.obj
 0001:0003fc20       ?file4seqReadCompletionRoutine@@YAXPAX@Z 10040c20 f   F4FILESE.obj
 0001:0003fc50       ?file4seqReadAdvance@@YGIPAUFILE4SEQ_READ@@PAXI@Z 10040c50 f   F4FILESE.obj
 0001:0003fdf0       _file4seqReadInitUndo      10040df0 f   F4FILESE.obj
 0001:0003fe60       _file4seqRead@12           10040e60 f   F4FILESE.obj
 0001:0003fff0       _file4seqReadAll@12        10040ff0 f   F4FILESE.obj
 0001:00040070       _file4seqReadInit@20       10041070 f   F4FILESE.obj
 0001:000400a0       _file4seqReadInitDo@28     100410a0 f   F4FILESE.obj
 0001:000401b0       _file4seqReadAlloc@4       100411b0 f   F4FILESE.obj
 0001:000401e0       _file4seqWriteDelay@4      100411e0 f   F4FILESE.obj
 0001:00040370       _file4seqWriteFlush@4      10041370 f   F4FILESE.obj
 0001:00040410       _file4seqWrite@12          10041410 f   F4FILESE.obj
 0001:00040530       _file4seqWriteInit@20      10041530 f   F4FILESE.obj
 0001:00040580       _file4seqWriteInitLow      10041580 f   F4FILESE.obj
 0001:00040620       _file4seqWriteRepeat@12    10041620 f   F4FILESE.obj
 0001:000406d0       _file4seqWriteAlloc@4      100416d0 f   F4FILESE.obj
 0001:00040700       _file4free@4               10041700 f   F4FILESE.obj
 0001:00040700       _file4seqWriteFree@4       10041700 f   F4FILESE.obj
 0001:00040700       _file4seqReadFree@4        10041700 f   F4FILESE.obj
 0001:00040700       _sort4free2@4              10041700 f   F4FILESE.obj
 0001:00040710       ??0Find4file@@QAE@PBD00@Z  10041710 f   f4find.obj
 0001:00040870       ?getNext@Find4file@@QAEPBDPADI@Z 10041870 f   f4find.obj
 0001:000408f0       ?close@Find4file@@AAEXXZ   100418f0 f   f4find.obj
 0001:00040920       _f4flagInit@16             10041920 f   F4FLAG.obj
 0001:00040980       _f4flagReset@8             10041980 f   F4FLAG.obj
 0001:000409d0       _f4flagSet@8               100419d0 f   F4FLAG.obj
 0001:00040a10       _f4flagSetRange@12         10041a10 f   F4FLAG.obj
 0001:00040a50       _f4flagIsSet@8             10041a50 f   F4FLAG.obj
 0001:00040aa0       _f4flagIsAllSet@12         10041aa0 f   F4FLAG.obj
 0001:00040ae0       _f4flagIsAnySet@12         10041ae0 f   F4FLAG.obj
 0001:00040b10       _f4flagAnd@8               10041b10 f   F4FLAG.obj
 0001:00040c30       _f4flagOr@8                10041c30 f   F4FLAG.obj
 0001:00040d00       _f4flagFlipReturns@4       10041d00 f   F4FLAG.obj
 0001:00040d20       _f4flagSetAll@4            10041d20 f   F4FLAG.obj
 0001:00040d50       _f4flagCount               10041d50 f   F4FLAG.obj
 0001:00040da0       _opt4fileFlush             10041da0 f   F4FLUSH.obj
 0001:00040ef0       _file4flush@4              10041ef0 f   F4FLUSH.obj
 0001:00040fe0       _file4refresh@4            10041fe0 f   F4FLUSH.obj
 0001:00041030       _d4fieldInfo@4             10042030 f   f4info.obj
 0001:00041170       _f4assignInt@8             10042170 f   F4INT.obj
 0001:000412c0       _f4int@4                   100422c0 f   F4INT.obj
 0001:00041440       _dfile4registerLocked      10042440 f   f4lock.obj
 0001:00041590       _code4lockNetworkId@4      10042590 f   f4lock.obj
 0001:000415b0       _code4lockUserId@4         100425b0 f   f4lock.obj
 0001:000415d0       _code4lockFileName@4       100425d0 f   f4lock.obj
 0001:000415f0       _code4lockItem@4           100425f0 f   f4lock.obj
 0001:00041610       _file4lockInternal@20      10042610 f   f4lock.obj
 0001:00041760       _file4unlockInternal@20    10042760 f   f4lock.obj
 0001:00041820       _f4assignLong@8            10042820 f   F4LONG.obj
 0001:000419b0       _f4assignLongLong@12       100429b0 f   F4LONG.obj
 0001:00041a60       _f4long@4                  10042a60 f   F4LONG.obj
 0001:00041c10       _f4longLong@4              10042c10 f   F4LONG.obj
 0001:00041c60       _f4memoAssignField@8       10042c60 f   f4memo.obj
 0001:00041cb0       _f4memoAssign@8            10042cb0 f   f4memo.obj
 0001:00041d20       _f4memoSaveOld             10042d20 f   f4memo.obj
 0001:00041df0       _f4memoAssignN@12          10042df0 f   f4memo.obj
 0001:00041e90       _f4memoFree@4              10042e90 f   f4memo.obj
 0001:00041f00       _f4memoLen@4               10042f00 f   f4memo.obj
 0001:00041fa0       _f4memoNcpy@12             10042fa0 f   f4memo.obj
 0001:00042050       _f4memoPtr@4               10043050 f   f4memo.obj
 0001:000420d0       _f4memoResetExport@4       100430d0 f   f4memo.obj
 0001:000420e0       _f4memoRead                100430e0 f   f4memo.obj
 0001:00042180       _f4memoReadLow             10043180 f   f4memo.obj
 0001:00042230       _f4memoReset               10043230 f   f4memo.obj
 0001:00042260       _d4memoResetExport@4       10043260 f   f4memo.obj
 0001:000422b0       _f4memoSetLen@8            100432b0 f   f4memo.obj
 0001:000423b0       _f4memoStr@4               100433b0 f   f4memo.obj
 0001:000423f0       _f4memoUpdate              100433f0 f   f4memo.obj
 0001:00042430       _f4memoWrite               10043430 f   f4memo.obj
 0001:000424e0       _f4memoReadPart@16         100434e0 f   f4memo.obj
 0001:00042610       _f4memoWriteFinish@4       10043610 f   f4memo.obj
 0001:00042630       _f4memoWritePart@20        10043630 f   f4memo.obj
 0001:000427b0       _f4memoAssignFile@8        100437b0 f   f4memo.obj
 0001:00042a30       _f4memoFile@8              10043a30 f   f4memo.obj
 0001:00042be0       _f4memoGetOffset@4         10043be0 f   f4memo.obj
 0001:00042c00       _f4isMemo@4                10043c00 f   f4memo.obj
 0001:00042c30       _f4memoLenMax@4            10043c30 f   f4memo.obj
 0001:00042c70       _u4openFiles               10043c70 f   f4open.obj
 0001:00042c80       _file4openInternal@20      10043c80 f   f4open.obj
 0001:000430c0       _file4open@16              100440c0 f   f4open.obj
 0001:000430e0       _file4openTest@4           100440e0 f   f4open.obj
 0001:000430f0       _file4optimizeLow@20       100440f0 f   f4opt.obj
 0001:000432e0       _file4optimizeWrite@8      100442e0 f   f4opt.obj
 0001:000433b0       _file4setWriteOpt          100443b0 f   f4opt.obj
 0001:000433e0       _f4assign@8                100443e0 f   F4STR.obj
 0001:000434c0       _f4assignN@12              100444c0 f   F4STR.obj
 0001:00043540       _f4ncpy@12                 10044540 f   F4STR.obj
 0001:000435b0       _f4str@4                   100445b0 f   F4STR.obj
 0001:00043650       _file4tempLow              10044650 f   F4TEMP.obj
 0001:00043bb0       _file4setTemporary         10044bb0 f   F4TEMP.obj
 0001:00043bf0       _f4true@4                  10044bf0 f   F4TRUE.obj
 0001:00043ca0       _file4writeLowDoInternal   10044ca0 f   f4write.obj
 0001:00043d90       _file4compressLock         10044d90 f   f4write.obj
 0001:00043e50       _file4compressUnlock       10044e50 f   f4write.obj
 0001:00043e90       _file4writeLow             10044e90 f   f4write.obj
 0001:00044dd0       _file4writeOpt             10045dd0 f   f4write.obj
 0001:00044ee0       _file4write@16             10045ee0 f   f4write.obj
 0001:00044f10       _file4writeInternal        10045f10 f   f4write.obj
 0001:00044ff0       _file4writeDelay           10045ff0 f   f4write.obj
 0001:000452f0       _file4writeDelayFlush      100462f0 f   f4write.obj
 0001:00045460       _file4writeDelayMain       10046460 f   f4write.obj
 0001:00045590       _file4copy                 10046590 f   f4write.obj
 0001:00045690       _f4assignUnicode@8         10046690 f   F4WSTR.obj
 0001:000456b0       _f4assignWideString@8      100466b0 f   F4WSTR.obj
 0001:000457a0       _f4memoAssignUnicode@8     100467a0 f   F4WSTR.obj
 0001:00045820       ??2Hash4lock@@SAPAXI@Z     10046820 f   hash4.obj
 0001:00045830       ??3Hash4lock@@SAXPAX@Z     10046830 f   hash4.obj
 0001:00045840       ??0Hash4lock@@QAE@XZ       10046840 f   hash4.obj
 0001:00045860       ??1Hash4lock@@QAE@XZ       10046860 f   hash4.obj
 0001:00045880       ?expand@Hash4lock@@QAEXXZ  10046880 f   hash4.obj
 0001:000458f0       ?remove@Hash4lock@@QAEXPAVLock4@@@Z 100468f0 f   hash4.obj
 0001:00045930       ?findAnyLock@Hash4lock@@QAEHPAUDATA4St@@W4Lock4type@@@Z 10046930 f   hash4.obj
 0001:000459b0       ?find@Hash4lock@@QAEHPAUDATA4St@@JW4Lock4type@@@Z 100469b0 f   hash4.obj
 0001:00045ae0       _t4uniqueModify@8          10046ae0 f   i4add.obj
 0001:00045bd0       _i4tagAdd@8                10046bd0 f   i4add.obj
 0001:00046850       _i4indexRemove             10047850 f   i4add.obj
 0001:00046900       _d4indexesRemove@4         10047900 f   i4add.obj
 0001:00046930       _i4tagRemove@4             10047930 f   i4add.obj
 0001:00046df0       _tfile4add                 10047df0 f   i4addtag.obj
 0001:00046e40       _tfile4addDo               10047e40 f   i4addtag.obj
 0001:00047640       _t4addCalc                 10048640 f   i4addtag.obj
 0001:00047760       _t4check                   10048760 f   i4check.obj
 0001:00048240       _i4check                   10049240 f   i4check.obj
 0001:00048860       _d4check@4                 10049860 f   i4check.obj
 0001:00048920       _c4longlongToA             10049920 f   i4conv.obj
 0001:000489c0       _e4applyAscend             100499c0 f   i4conv.obj
 0001:00048be0       _time4long@12              10049be0 f   i4conv.obj
 0001:00048c60       ?t4dblToCur@@YAXPADN@Z     10049c60 f   i4conv.obj
 0001:00048cb0       _c4descend                 10049cb0 f   i4conv.obj
 0001:00048d20       ?t4strToCur@@YAXPAUCOLLATE4@@PADPBDHPAH@Z 10049d20 f   i4conv.obj
 0001:00049080       ?t4convertSubSortCompressUnicode@@YAXPAUCOLLATE4@@PADPBDHPAH@Z 1004a080 f   i4conv.obj
 0001:000492d0       ?t4unicodeToMachine@@YAXPAUCOLLATE4@@PADPBDHPAH@Z 1004a2d0 f   i4conv.obj
 0001:00049310       ?t4strToDateTime@@YAXPAUCOLLATE4@@PADPBDHPAH@Z 1004a310 f   i4conv.obj
 0001:00049380       ?t4strToDateTimeMilli@@YAXPAUCOLLATE4@@PADPBDHPAH@Z 1004a380 f   i4conv.obj
 0001:000493f0       ?t4strToInt@@YAXPAUCOLLATE4@@PADPBDHPAH@Z 1004a3f0 f   i4conv.obj
 0001:00049420       ?t4strToFloat@@YAXPAUCOLLATE4@@PADPBDHPAH@Z 1004a420 f   i4conv.obj
 0001:00049450       ?t4strToUnsignedInt@@YAXPAUCOLLATE4@@PADPBDHPAH@Z 1004a450 f   i4conv.obj
 0001:00049480       ?t4dblToInt@@YAXPADN@Z     1004a480 f   i4conv.obj
 0001:000494a0       ?t4dblToFloat@@YAXPADN@Z   1004a4a0 f   i4conv.obj
 0001:000494c0       ?t4dblToUnsignedInt@@YAXPADN@Z 1004a4c0 f   i4conv.obj
 0001:00049500       ?t4strToTime@@YAXPAUCOLLATE4@@PADPBDHPAH@Z 1004a500 f   i4conv.obj
 0001:00049550       ?t4strToLongLong@@YAXPAUCOLLATE4@@PADPBDHPAH@Z 1004a550 f   i4conv.obj
 0001:00049580       ?t4dblToLongLong@@YAXPADN@Z 1004a580 f   i4conv.obj
 0001:000495a0       ?t4strToLog@@YAXPAUCOLLATE4@@PADPBDHPAH@Z 1004a5a0 f   i4conv.obj
 0001:00049640       ?t4intToFox@@YAXPADPBJ@Z   1004a640 f   i4conv.obj
 0001:00049670       ?t4unsignedIntToFox@@YAXPADPBK@Z 1004a670 f   i4conv.obj
 0001:00049690       ?t4i8ToFox@@YAXPADPB_J@Z   1004a690 f   i4conv.obj
 0001:000496c0       ?t4dtstrToFox@@YAXPAUCOLLATE4@@PADPBDHPAH@Z 1004a6c0 f   i4conv.obj
 0001:000496f0       ?t4dtstrToDbDate@@YAXPAUCOLLATE4@@PADPBDHPAH@Z 1004a6f0 f   i4conv.obj
 0001:00049750       ?t4dblToDbDate@@YAXPADN@Z  1004a750 f   i4conv.obj
 0001:00049840       ?t4strToFox@@YAXPAUCOLLATE4@@PADPBDHPAH@Z 1004a840 f   i4conv.obj
 0001:00049870       ?t4dbTimeToFox@@YAXPADPBUtagDBTIME@@@Z 1004a870 f   i4conv.obj
 0001:00049870       ?t4dbDateToFox@@YAXPADPBUtagDBDATE@@@Z 1004a870 f   i4conv.obj
 0001:000498a0       ?t4dbTimeStampToFox@@YAXPADPBUtagDBTIMESTAMP@@@Z 1004a8a0 f   i4conv.obj
 0001:00049910       ?t4strToDbTimeStamp@@YAXPAUCOLLATE4@@PADPBDHPAH@Z 1004a910 f   i4conv.obj
 0001:000499f0       ?t4curToFox@@YAXPADPBUCURRENCY4@@@Z 1004a9f0 f   i4conv.obj
 0001:00049a40       ?flags4dateTimeInit@@YAXXZ 1004aa40 f   i4conv.obj
 0001:00049a80       ?t4dateTimeToFox@@YAXPADPBJ@Z 1004aa80 f   i4conv.obj
 0001:00049b30       ?t4dateTimeToFoxMilli@@YAXPADPBJ@Z 1004ab30 f   i4conv.obj
 0001:00049bc0       ?t4dblToCurFox@@YAXPADN@Z  1004abc0 f   i4conv.obj
 0001:00049bf0       ?t4floatToFox@@YAXPADPBM@Z 1004abf0 f   i4conv.obj
 0001:00049c40       _t4dblToFoxExport@12       1004ac40 f   i4conv.obj
 0001:00049c60       ?t4dblToFox@@YAXPADN@Z     1004ac60 f   i4conv.obj
 0001:00049cb0       ?i4createThread@@YAXPAX@Z  1004acb0 f   i4create.obj
[...]
FIXUPS: 2ac5b 4d d e 3a fffff906 18 15 6 8 11 1f c e 11 6 40 b 6 13 18
FIXUPS: 2a721 25 d 7 6 4d 28 a a 29 57 13 49 22 e 43 fffff93d 58 13 49
FIXUPS: 2a34b e 30 8 b a e 10 f d 17 8b 1d 1f 2c 6 1b 1d d 1b 6 1b f 22
FIXUPS: 2a5ac e 15 6 fffff9c7 e 3a c 17 12 12 c 27 a 12 13 c 23 7 12 1d
FIXUPS: 2a0f9 c 19 56 a a 19 19 12 8 35 a a 26 d fffffa3d 10 21 f 19 9
FIXUPS: 29cfd 1a 33 9 e 17 24 8 8 b f 2d f 28 19 67 26 e a a 1d d 2a 1b
FIXUPS: 29f80 11 fffff955 a a 23 1b 19 a 2c f c 2a 21 11 60 17 9 10 53
FIXUPS: 29b03 d a 25 39 1b e 1e f 17 19 14 3d 2c fffff8ef 2c 20 a a 23
FIXUPS: 29608 19 a 23 f c 2a 21 11 3a d a 24 28 15 23 34 16 f 11 27 1b
FIXUPS: 29856 27 21 28 fffffa0b a a 12 f 2f a a 18 13 f f c 30 d a 8 16
FIXUPS: 2940a 22 10 21 f d a 10 26 d a 22 38 22 fffffb47 1f 7 12 7 1e 11
FIXUPS: 29110 9 14 12 b c 12 f 11 46 1a a a 1d a a 14 b 1f 1c a a e a a
FIXUPS: 28ccc 22 16 10 49 1c 12 1f c 18 23 e 24 d a 24 25 14 47 13 c 59
FIXUPS: 28f7f 35 d a 15 e 32 d a 1f fffff98f a a 1a 15 e 1f 11 25 a a 1b
FIXUPS: 28ad0 9 1f 11 24 18 17 11 20 17 11 23 a a 21 18 9 41 9 4b fffffa83
FIXUPS: 2875f 2a a a 1f 24 1b 1f 1a a f 10 6 14 2f a a 1c 21 15 19 11 8
FIXUPS: 2894a 6 f 10 6 1e 15 15 fffffaee 11 21 f d 10 6 16 11 19 2a a a
FIXUPS: 285ac 24 1b 1b 13 f 15 12 27 14 18 1a 11 8 f 16 12 6 1f fffffa93
FIXUPS: 281e7 a a 1d 22 16 1d 14 1f 10 f 10 6 c 15 33 a a 1f 24 18 1f 13
FIXUPS: 283d9 15 12 27 14 1e 24 14 fffffa8d 17 14 19 25 a a 1d 22 16 1d
FIXUPS: 2801c d 1a 8 18 1e 10 6 16 11 19 2f a a 1c 21 15 17 11 f d fffffaa3
FIXUPS: 27c73 25 10 1c 33 a a 1d 22 16 1a 15 8 f d f 6 1f 15 19 24 a a
FIXUPS: 27e6c 24 18 1f b 15 12 16 fffff9ba 16 f 2e 15 18 f 22 12 20 17
FIXUPS: 279d5 f 2e 11 19 c 27 3f 1b 6 20 11 47 17 12 f 2e 11 3a 17 1f fffff9f1
FIXUPS: 27655 a a 19 b 12 7 11 1f a a 1c 21 15 19 d 8 f 10 6 1e 15 15 28
FIXUPS: 27809 a 26 27 1b 27 10 fffff86c 58 c 24 27 6 20 a 2a 45 43 17 40
FIXUPS: 273ba 55 5d 27 a 30 2a 28 21 11 24 d a 1f f e 2c a a fffff7f4 3e
FIXUPS: 26e5f 3a 34 e c b a f 34 d a 23 d 7 12 23 d 7 11 d 7 17 d 7 18
FIXUPS: 2704d 47 45 13 d fffff82f 10 13 3f 26 21 24 38 58 1e d d e 76 13
FIXUPS: 26ba0 e 22 e 2c e 17 37 11 e7 2e f 7 12 f e 20 fffff78c a 12 15
FIXUPS: 265c3 65 2f 25 b d 1b d 40 16 11 1d 11 d f 11 4f 4d 26 25 d a 1b
FIXUPS: 268a2 e 3f d a fffff922 11 21 41 21 f 11 11 18 f b 10 e 34 f 10
FIXUPS: 263a4 11 17 18 4c 4c 12 11 15 d 29 c 4e 19 e 8 fffff901 23 18 22
FIXUPS: 25edf f 11 11 24 17 f 20 e 7 f 11 11 34 1a 3d e 49 69 11 45 e 27
FIXUPS: 2619f 37 15 19 13 b307 22 19 f 12 f 11 3e f 16 19 c 7 18 b e 1d
FIXUPS: 316b8 1e 1e 1d 4e fffff4fb c 14 c 6 6 ffff514a 30 f 11 b35c 17
FIXUPS: 311ae f 15 1d 2f e e c 33 2b 2a c 24 b 10 d 16 f 40 17 a 58 1e
FIXUPS: 31433 18 2c 10 46 13 23 fffff925 14 3a 14 15 2a 14 2a 1f a f 38
FIXUPS: 30f97 f 6 1a 1e 12 6 1f 6 a e 14 2b 22 5a 2d 2d f 9 f 63d e 28
FIXUPS: 3180f 29 c 44 2b 31 51 122 29 12 18 b 2f 34 2c fffff177 a 2c 29
FIXUPS: 30d51 1e 1b 22 15 11 13 12 f 11 1661 1b 6 a 48 9 fffff6b4 14 1c
FIXUPS: 31beb 14 1e 6 a a c 7 c d e 11 1b 33 1e 1d e 2c d 15 d fffffa1f
FIXUPS: 3179b 7fc 1c d d 9 13 10 db 31 20 d 19 7 7 9 e 25 d 58 3d f 54
FIXUPS: 322c8 10 30 10 6a 21 16 3f 28 38 1368 5a 6 20 10 10 20 16 18 2f
FIXUPS: 338ef a 11 17 46 26 2a 33 35 ffffe38d 5d 73 d 1e 13 24 1a 27 20
FIXUPS: 31f4b 20 c 1485 11 1c 20 16 e 11 31 29 12 b 1e 12 b e 3d 40 31
FIXUPS: 33602 1f 16 24 27 37 14 16 15 17 3d 23 39 c fffff983 3b c c 17
FIXUPS: 331e6 10 10 16 18 30 c c 16 1a 12 a 12 1e 6 15 11 6 6 11 2b 28
FIXUPS: 333a0 c 2e 8 14 fffff852 2e 19 1d 19 19 1d 43 1a 1c 80 2c 49 32
FIXUPS: 32ec1 24 15 18 1c 20 20 39 16 17 27 44 18 16 19 14 25 54 fffff67b
FIXUPS: 327a1 5f 18 3b 24 2a 34 32 2c 14 41 22 3f 18 21 35 3a 14 33 d 2e
FIXUPS: 32b27 33 2c 12 1d d 40 a b 14 11b8 18 2e 2d 13 1e a c 9 a a 3a
FIXUPS: 33f1f ffffe5fc 44 21 e 2b 17 e e 2a 1a 19 20 4e 1a 23 13 21 2c
FIXUPS: 32767 1f48 12d fffff291 22 1e e f f e 1a f f 1d 10 1f 2b 25 e f
FIXUPS: 33c18 15 11 e 17 26 1a 53 5b 24 d e 24 ce4 e 5f 63 fffff3e3 25
FIXUPS: 33f90 46 52 19 4a 20 65 3b 9c 53 33 1c 16 72 15 44 15 12 18 41
FIXUPS: 34413 54 34 30 19 f4 75e 10 d 1f 72 3b 85 24 4c 1b 16 51 26 8e
FIXUPS: 35061 12 14 fffff773 19 58 11 46 d 4d 30 42 12 33 44 a 1f 1b aa3
FIXUPS: 35504 22 a 6 22 a 6 9 6 20 f 81 30 53 a0 80 6 1c 5a 190 29 31 fffff193
FIXUPS: 34c1f 20 f 6 6 1a 3d a 58d 9 1e 6 3d 6 1e 6 6 f 18 6 2a 6 6 1e
FIXUPS: 35369 11 c 18 6 b6 9 1e 6 8 6 10 9 1e 6 22 b88 10d 19 6 1b 45 3f
FIXUPS: 362ea 48 d 30 69 c2 14 e 88 1d 1a 21 1b 14 44 29 14 18 54 ffffea2b
FIXUPS: 3512b 51 9d 14 a 946 76 17 1a 74 c 63 13 15 19 43 17 11 d 29 6c
FIXUPS: 35e7f 27 1b 1b 1b 1b 1b 1d 1d 1d 1d 17 19 1f 19 14 3340 43 b 24
FIXUPS: 3947e 16 12 8 14 14 16 18 15 15 12 14 1d 16 6f ab 1f 17 2e 12 9
FIXUPS: 3977c ffffc30b 4d 1d 15 36 33 2719 3f 116 60 60 60 60 19f 35 5
FIXUPS: 38771 40 b c 1c1 80 121 d9 ce 6d bf 5e 7c 216 84 2e 49 1d 8d 37
FIXUPS: 392ec 37 ffffdfba 18 84 80 10c 38 55 98 51 11 12 b6 5e 19 58 82
FIXUPS: 37935 48 55 a7 b0 134 60 60 60 60 18d 77 c8 b0 dc 16 3ea6 18 25
FIXUPS: 3985d ffffcffc 11f 8b 2a 26 19f 131 24 32 30 37 50 b 24 277 53
FIXUPS: 3713f c 26 5 2d 7b 6 6 6 31 5 56 48e4 6 f 17 2e 24 15 20 33 20
FIXUPS: 3bcaf 12 9 3d 26 1c 16 27 12 19 21 13 e 1a 72 2b 28 b9 9c 46 20
FIXUPS: 3c0c4 fffff7c4 1a 39 13 17 28 14 1f 8 32 20 3c d d 11 1f 1f 1b
FIXUPS: 3ba8e b e b 26 b e b 23 13 35 9 12 9 fffff994 1f 15 12 d 14 d d
FIXUPS: 3b5b4 28 42 27 1a 2c 31 18 6 25 1a e d 26 e 9 a 28 72 6 17 d 14
FIXUPS: 3b860 fffff7a6 9 45 1e 8 83 19 15 30 4d 16 4e 18 c 4d 19 16 20
FIXUPS: 3b31c 18 c 4f 8 39 12 2f 1a 42 1e 1d 54 16 fffff6e4 12 1c e e e
FIXUPS: 3ac5b 20 7 15 e d 40 22 1a d 17 17 27 24 2a 25 2b 20 2b e 3f 21
FIXUPS: 3af48 64 11 11 fffff087 1f1 60 fc 6 10a 33 40 2f 1f 1b 1b 26 6a
FIXUPS: 3a9c0 2a 25 6 22 28 55 a 4e 3e 16 1f d 32 d f 8 e 1aba 29 2f 18
FIXUPS: 3c3d3 21 19 8 21 c 10 9 fffffe41 ffffd5e1 1f 28 40 89 97 a 11 13
FIXUPS: 39a7c 28 12 3b 11 21 a1 23 2e6 2f 2a25 12 9 9 d 3b 11 20 10 2a
FIXUPS: 3ca21 14 1d 1e fffffd15 2d 10 a 6 22 47 fffffd09 e a 42 2d 19 23
FIXUPS: 3c620 42 1f c a60 1b 7c c fffff918 4c 28 16 10 6 22 12 3e f 2e
FIXUPS: 3cc04 14 2f 3a 23 18 5b 89 27 fffffabf 3b 10 6 6 c 6 1b 189a 1a
FIXUPS: 3e1ce 1d 3c 21 1f 16 8 2f ffffeb30 10 1f 25 38 13 32 7 6 d 1e 8
FIXUPS: 3cf17 10 1b 10 82 35 2c 3b 32 36 ad5 23 2d 15 1f 2d 28 3a 8b 11
FIXUPS: 3dd75 6 17 4a f 1c 2c 1a 2c 8d 11 2b 4e 26 1e 63 2e e 42 45 15
FIXUPS: 3e11d 2acd 18 ffffc5b3 18 3a 12 3f 20 36 3a 26 76 30 30 30 30 40
FIXUPS: 3d66c 74 12 65 2b 59 b8 19 8e 6 43 27 d 16b 5c 2b14 6d d 10 10
FIXUPS: 4074d 43 e 11 19 19 1a 13d 36 11 42 10 1b 13 f 9 1a 1a 23 39 23
FIXUPS: 40afd 11 3d 14 3a 3a fffff2d4 43 17 11 6 5b 40 d 1b 16 bb 1f 1a
FIXUPS: 400fe 10 a 10 13 10 65 142 d 1d 3a d5 e2 9d 9 23 6f 9 1e fffff416
FIXUPS: 3fa97 1f 1b 15 4b 11 22 52 e d 6 27 10 9 1a 26 35 2d 49 1b 1a e
FIXUPS: 3fd66 33 15 42 9 a 2e 58 8 fffff4fb 2f 2a 68 1e 3b 1c8 22 57 15
FIXUPS: 3f70a 1a 9a 58 17 a 27 1a 8 35 15 26 13 33 19 1e 37 15 2b 32 19
FIXUPS: 3fa4d fffff217 20 22 1b ce a 18 1c 37 18 23 1c 1e 26 f 13 1a 6b
FIXUPS: 3ef66 62 27 15 30 8f 41 22 40 1f 33 2c f b9 fffff4be 1d 1f 32 1f
FIXUPS: 3e803 3a 2f 4f 34 8d 72 17 1e 50 16 4b 13 27 40 a 26 1f 21 1a a
FIXUPS: 3ebea a 22 8 10 29 266f 50 6f 10 66 44 18 48 23 5a 3f 19 27 d8
FIXUPS: 41691 2a 23 2a ffffccc6 15 a6 4c 43 61 12 21 37 22 54 24 2e 76
FIXUPS: 41730 2e 39 10b 1e 23 fffff3d1 2e 86 2e 46 bd 21 2d 17 27 8a c
FIXUPS: 40fd9 36 d 2a 1f 29 57 bb 1e 3a 29 d 48 25 1132 fffffc79 10 35
FIXUPS: 420c8 fffffd0c 1d 27 17 1d 48 21 10 41 14 e 8 16 3f 11 26 8 31
FIXUPS: 4200f fffff94c 46 50 3b 4a 40 40 272 e31 8b 1f fffff8c9 13 10a
FIXUPS: 42663 15 37 2c e 2a 66 1f 3b 20 fffff992 35 10 29 12 18 18 b 14
FIXUPS: 422d5 38 13 58 16 d 15 1817 4d 30 1a ffffebd7 35 10 30 6 f 12 a
FIXUPS: 428e6 17 b 18 b 14 86 43 10 1b 6 d 2f 38 33 40 26 16 d 15 bc9 8
FIXUPS: 4375b 24 18 69 18 7c 32 19 26 24 3f 33 10 23 c d a 20 6f 18 44
FIXUPS: 43af2 2a 1f 12 24 10 c 10 a fffff754 8 23 14 8a 12 8 1f 1b 27 14
FIXUPS: 4346a 25 1a 19 36 4b d 4e 32 13 1e 18 4e 1c 19 11 15 17 2c 1e 8
FIXUPS: 42d46 12 3f d 63 12 29 19 e 3b 20 51 21 47 3a 25 1c 14 6 f 44 28
FIXUPS: 430d6 20 f 4c d 30 1e 26 b8 3a 1002 91 20 30 fffff906 2f 22 6 13
FIXUPS: 43d4e 21 38 17 17 2d d 10 16 21 3b 26 25 14e ad ffffebab 7 7 c
FIXUPS: 42cc5 10 1b 19 1d24 d c 13 d a 2b 59 80 23 47 fffff81d 26 1a 1a
FIXUPS: 4446a 28 51 b 16 28 70 2a 2c fffffb92 3a 17 6b 28 e 1a 17 2215
FIXUPS: 464db 34 1f 10 a 10 6 14 31 25 1e 2d 12 a 13 e c ffffe5a9 a 1e
FIXUPS: 446e0 24 a6 17 10c 3d 60 2e 16 36 36 1486 22 36 2f 3c 1f 2e 17
FIXUPS: 45fdf 36 120 29 d 18 18 28 8 16 5e 15 16 17 11 6 7a 48 d 26 2a
FIXUPS: 463d1 38 46 fffff0fc 1d b9 8f 1b 87 3d 8f 82 16 47 99 6f 47 16
FIXUPS: 45b05 45 16 1c 3b 7e 2c 68 1e 25 25 25 25 13 70 1a 4d fffff0ee
FIXUPS: 44f76 ee 1e 11 14 18 1d e 21 21 2b 58 98 15 14 2b 15 29 22 52 29
FIXUPS: 45385 40 15 26 13 6e 25 3c 13 1f 13cc fa 88 19 1c 2e fffffbd6 2b
FIXUPS: 466e9 11 18 d 12 1c d 34 28 23 b 11 e d ffffe4da 2d 5c 87 3f 3b
FIXUPS: 44eb0 33 11 49 2bd0 1c 9 15 b d b 6 18 30 1a 1b 2a 18 31 11 a 6
FIXUPS: 47c99 1a 28 33 3b 28 2e 2d e ffffea4c 10 1d 15 36 d43 13 15 14
FIXUPS: 4762e 26 30 29 fe 15 e 2d 35 4e a 30 9 a 1e 2b 3d 6c 9 b f 2a 9
FIXUPS: 47a25 13 33 6b 18 fffff704 1b 8 21 20 20 26 2a 2a 17 16 36 1c 25
FIXUPS: 47428 26 12 15 4c f d 19 16 f b 15 a 17 e 3b 17 10 fffff78b 1c
FIXUPS: 46da1 25 33 25 32 4b 6 70 2c 21 11 13 43 17 2c 5e d 18 37 e 22
FIXUPS: 470ff d c 1a 1b 48 17 17 b 13ec 2d 18 2d 24 19 18 25 c c 12 13
FIXUPS: 486e9 14 17 19 6 6 d ffffe3b1 3c 5c 27 42 2b 1a 12 1a 81 12 1a
FIXUPS: 46d2e 13c9 16 1c 27 16 1c 16 11 e 50 18 11 37 1c e 59 1e 12 d 34
FIXUPS: 48389 1b 2a 13 86 1c 19 18 82 2a 19 2a 1194 2a f 3e 1e 29 29 28
FIXUPS: 49876 b 8 a 11 e 16 28 14 ffffe515 11 40 41 1b 23 1a 4c 6b 29 65
FIXUPS: 48064 4c a 1b 12c6 22 f 1c 14 1a 21 17 17 13 c 26 3a 49 d 13 c
FIXUPS: 4955f 36 1a 25 1b 1a 17 a 11 d 2b 15 22 32 15 fffff686 1d 2b 1d
FIXUPS: 48dec 15 17 23 19 11 1a 3c bd d2 15 47 2d 2f 2c cc a 2d 26 d 14
FIXUPS: 49285 3b 3a 14 d 38 35 fffff631 16 10 f 4e a d a e 18 1d c 36 18
FIXUPS: 48b08 58 11 e 35 12 32 c 12 13 1c 1f 27 27 30 29 2f 10 1da0 35
FIXUPS: 4ab3d 3b 35 23 f 71 ffffdb35 19 12 1b 11 11 19 e b 8 18 24 f 19
FIXUPS: 488a0 1d 1a 14 19 35 19 14 d 2d 1cb1 25 21 2f 18 1e 10 10 14 26
FIXUPS: 4a761 7 4a d f 55 28 10 1d 10 d 13 10 d d d d d 23 a0 13 be fffff2a6
FIXUPS: 49d42 1f 410 7f ca 3a 40 13 13 4a 13 13 31 13 1d 13 1d 13 17 13
FIXUPS: 4a4b3 2d 13 17 12 f b 25 10 1a 10 1645 f 24 4e 67 39 c1 5d 13 ffffdb36
FIXUPS: 4997b 74 15 28 1e 1e 1e 1e 26 12 12 12 12 12 12 1b 99 20 13 2d
FIXUPS: 49c91 11 1a98 30 21 3a 6 6 7b 35 23 12 13 87 1a 21 c 36 15 12 d
FIXUPS: 4ba19 2f 61 16 15 b e 47 1a 21 14 23 1f fffff717 3b d 40 14 1c
FIXUPS: 4b3a0 38 13 11 8 36 3f 68 19 38 37 20 7b f 12 9 19 13 22 1d 11
FIXUPS: 4b6b9 11 28 e 23 fffff8a3 1a 35 c 19 13 11 1d 11 1b 17 15 d a 26
FIXUPS: 4b12b 12 b 18 27 32 29 1c d 2b 18 14 d 1e a 32 9 1e42 27 1c 24
FIXUPS: 4d1ca 30 85 28 23 3a 19 9f 12 b e 97 ffffd843 2b 9 1f 22 e 1b 3d
FIXUPS: 4adb7 14 1b b6 45 94 f 1a 1cb2 15 10 e 17 14 13 2a 6 1d 21 24 1c
FIXUPS: 4cd9b 27 19 a 7b 2e 1d 22 3d 3f 2a 1e 3c 17 2b 42 47 1a 48 fffff749
FIXUPS: 4c84e 29 10 13 2d 30 33 1d 41 18 1c 10 14 1d 3b 1b d 19 f 5f 10
FIXUPS: 4cb10 a 13 1a 29 10 40 5c c c fffff814 e 25 21 19 3d 33 f 16 6b
FIXUPS: 4c5d2 27 d 3b c 21 28 8 c e d 15 3b 34 13 1d 23 18 20 10 41 e fffff8c2
FIXUPS: 4c12a 1e e b e 24 a 10 d 18 e 1f 27 31 27 2d 1f 12 9 17 18 9 b
FIXUPS: 4c339 18 26 32 16 11 33 26 1194 1a 40 f 8 d ffffe81a 1c d 17 48
FIXUPS: 4bee7 1d e 22 27 20 15 13 15 f 13 38 b 11 31 9 1b 9 1e d b 189b
FIXUPS: 4d9a7 22 62 1a 23 1a 36 3a 36 18 3c 22 1f 21 37 21 32 95 80 1a
FIXUPS: 4ddc1 74 1a f 1b 11f fffff58c 1c 19 1e 11 bf8 24 e f 78 88 2d 2e
FIXUPS: 4e333 2a 2f fffffcad 1c f 1d e fffff65b 43 2c 32 3b 1d 16 8 6 6f
FIXUPS: 4d895 1b 1f 1b 1b 3c ec9 9 82 3a 19 13 e 43 f fffffa8f b0 14 26
FIXUPS: 4e4f1 30 2f 17 12 34 17 16 a 10 9 fffffdd0 fffffcf0 66 e e c 11
FIXUPS: 4e16a 2873 35 35 28 1f 41 12 9 b 1f 1a e 45 4a 46 9 11 d 18 ffffd9e3
FIXUPS: 4e646 24 18 10 60 4d a 29 1e 24 14 1e 189b 14 10 44 28 15 3c 24
FIXUPS: 50204 38 28 49 41 59 a6 70 21 59 2f9 17 36 11 3b 7 3d 27 49 1d
FIXUPS: 50955 c 48 d fffff0e9 1b 13 d 25 2d 11 6e 14 45 4b 15 11 1f 15
FIXUPS: 4fcee 29 c a 7 d 16 15 e e 32 22 17 1c9 15 16 40 fffff183 1e 2e
FIXUPS: 4f1fe 31 49 10 11 d 20 cb 3b b1 7b 25 ed b7 1d 51 99 11 d 57 163
FIXUPS: 4f9ac 7 12 11 f 76 10 2a fffff1a0 c df 53 16 41 29 1f 11 27 20
FIXUPS: 4ee89 3b 17 13 e 46 c4 b a 14 14 54 d d 17 14 13 d 10 4b 20 237e
FIXUPS: 51502 7 16 13 1a 25 32 11 14 14 c 12 25 26 17 19 1e 12 12 a 11
FIXUPS: 516da ffffd31d 10 18 3b 1f e7 49 4c 25 25b3 22 26 19 19 14 16 e
FIXUPS: 5129d 14 1a d a 29 22 14 16 18 23 17 10 e 1d 26 18 28 a 1c 25 d
FIXUPS: 514c3 a fffffa9b 13 10 10 1a 21 2b 2d 1c 15 15 18 f f 14 f f e
FIXUPS: 510f3 c 1b 9 c c c 9 9 c f 8 24 b fffffbac e 10 9 1d e 7 b 2c 15
FIXUPS: 50e05 6 11 14 e 11 11 1c 7 2e 10 e e 10 15 e 6 10 11 11 6 a 34c6
FIXUPS: 54454 19 5b 3f f 11 a 23 23 10 55 1d 24 16 1e 12 59 13 39 c4 aa
FIXUPS: 54890 16 1a ffffc3d5 3d 29 13 29 e 7 3279 2f 42 1f 24 14 c 16 1b
FIXUPS: 540eb 1f 11 2d 24 2b 1f a 12 8 3e 24 b 18 61 30 30 30 20 32 14
FIXUPS: 543e2 14 fffff6c1 14 25 40 25 3e 24 3c f 1f 25 45 32 c 21 f 2e
FIXUPS: 53d46 41 20 20 20 20 19 3d 3e 25 10 1b 10 8e 16 fffff6d3 33 38
FIXUPS: 53716 27 16 63 16 51 25 1a 79 18 1e c 12 1b 18 26 1b 24 b b b c
FIXUPS: 53a03 19 19 32 a 12 20 fffff7d2 20 26 1b 15 29 8 8 8 22 24 f f
FIXUPS: 533b9 4f c e 2e 10 18 1e d 1c 26 83 b d 14 15 37 3a 37 fffff8cc
FIXUPS: 52f2e 21 21 17 10 30 33 10 7 1c 4e 2a 13 c 2e 24 9 18 b b b 8 12
FIXUPS: 5317e 15 15 d 8 e 36 4f fffff8da 47 e 1d 9 25 30 17 1d 11 32 1e
FIXUPS: 52cb0 3a 13 18 b c 14 30 1b 10 11 2d 2e 17 17 14 14 4c 2d 38 fffff7e9
FIXUPS: 5270a 13 19 13 13 6 8e 30 3d 10 4f 17 11 1e 31 18 14 18 18 20 17
FIXUPS: 529e4 25 31 17 17 14 14 29 4c 18 fffff792 1c 22 13 13 25 21 23
FIXUPS: 523ef 17 13 6 6b d 10 1b 25 28 27 29 1b 14 2f 20 13 f f f 15 21
FIXUPS: 52676 5c fffff7dd f d d 1a 19 32 3b f 1f 17 3c 14 b 25 20 f 6 f
FIXUPS: 5214a d 10 1b 52 25 17 18 33 20 13 b b fffff86d 2b 12 12 1d 12
FIXUPS: 51bd2 1a 20 24 12 14 2b 12 12 1b 10 4d 12 12 22 12 12 2b 14 12
FIXUPS: 51df7 12 38 14 21 f 2d83 1e ffffcafe e 9 4b e 2b 10 13 25 6 13
FIXUPS: 51855 25 6 1e 10 1a 4c 2a f 12 9e 15 16 18 67 12 12 22 12 3406
FIXUPS: 54f19 9 66 2b 38 16 26 21 72 25 1e e 1f 16 7e 22 15 23 11 1f 8
FIXUPS: 54a76 15 10 1e 3a 73 1e 20 42 15 bfd e 38 27 1e 39 2c d 11 23 1e
FIXUPS: 5595c 79 1f 15 4f 39 fffff1c8 49 8 69 42 2f 3b 18 37 d 1b 16 10
FIXUPS: 54e68 f 456 52 43 23 13 1c 52 13 1c e 44 17 5b 19 13 1c 1c 13 62
FIXUPS: 555e9 35 2c 29 5a 24 30 19 15 21 1b 4d 13 2d76 9 7 6 c f 7 6 3b
FIXUPS: 585fc 13 a b 7 20 1f e e b 7 36 4c 46 1e 2a 25 13 d d f 9 ffffcaad
FIXUPS: 5818a 13 7 7 48 e 7 7 b6 e 44 12 6c e 53 14 2c 43 17 c f e a b
FIXUPS: 584d6 17 b a c b 7 6 fffff920 13 40 13 1a 20 7 19 a 14 2b 2c 59
FIXUPS: 57fe7 e 1e 21 6d f 7 8 19 b f 7 8 23 7 7 7 6 10 fffff820 1b 27
FIXUPS: 579d1 46 d 27 e 6 48 15a 3d 12 39 25 6 10 6 28 30 27 10 d 23 1f
FIXUPS: 57daf 9 d 20 d 43 b fffff795 11 11 11 11 1a 11 17 20 d e 13 a e
FIXUPS: 576ce f 12 11 b 2e 8 16 10 56 6 10 3d 2c 42 12 11 af fffff5c9 19
FIXUPS: 56f40 39 26 2e 83 4a 35 2a 19 e 39 26 2e 83 3c 26 49 30 30 49 30
FIXUPS: 57440 3c 12 1c 32 30 32 25 14 fffff2f6 16 1a 3a 10 12 4d 18 b 13
FIXUPS: 56992 14 4a 6b 12 22 39 37 35 7c 3b 32 38 6f 4c 3b 32 38 6f 4c
FIXUPS: 56eba 35 fffff1f1 3e 32 19 20 98 14 15 64 5c 85 70 e 23 29 29 4b
FIXUPS: 5656f 70 e 23 29 29 4b f2 12 1a 12 1a 3a 10 12 fffff352 e 16 e
FIXUPS: 55bed e 16 e 19 e 1d 12 30 16 16 16 19 1d 55 6 74 6 4e 2e 2e 19
FIXUPS: 55ed1 97 14 15 67 5a 2b6b 7 3b 7 36 31 7 1a 26 39 26 2a c a d e
FIXUPS: 58d78 18 2c 9 18 39 23 12 5c ffffcc0b 43 3d 16 a c 17 3acd 17 a
FIXUPS: 59674 13 fffff1d9 37 f 1a 26 e 23 e b e 17 f 3d 18 2e 28 25 1e
FIXUPS: 58a64 40 f 12 37 1a 17 48 33 402 3d 1a 57 14 18 10 4c 28 64 80
FIXUPS: 59201 3a 1e f 1d 5b 35 19 30 40 6c a 9 f 12 39 99 27 1a 84 65 1df1
FIXUPS: 5b457 f 40 b 16 57 58 d 8d 34 21 d f 55 b 40 14 f 3f b 16 b1 1f
FIXUPS: 5b8b6 44 2f 9 31 ffffd5b1 12 57 1a49 23 f c 12 1c 6a 28 91 1b 1a1
FIXUPS: 5ad65 46 2f 48 d 33 d 1d d 16 18 b b 30 9 be a 200 46 1d 1ae fffff019
FIXUPS: 5a442 31 15 1c e e 1c 26 e e 2a 5b 9 154 1c 1c 60 a a 2c 3c 91
FIXUPS: 5a8b9 57 14 14 1e 14 14 20 14 fffff4df 7 17 14 12 6 3b 9 15 9 40
FIXUPS: 59fc6 32 11 6 11 8 89 30 11 6 11 8 82 c 47 79 49 14 61 4d 2f fffff749
FIXUPS: 59af4 11 6 24 28 21 63 f 1d 15 25 33 3a 1a d 3a 47 9 15 9 12 6
FIXUPS: 59dad 12 2f 9 35 11 6 18 12 2619 a 2c 44 8c 1b cb 55 b9 45 2c 35
FIXUPS: 5c855 42 34 36 38 4e ffffce2c 1f 12 36 24 11 d f3 91 31 4a 15 31
FIXUPS: 59aa7 2078 14 208 52 da 6d 2b c5 28 8f d 2f d f 25 2a d 1a 1e 26
FIXUPS: 5c1fa 3a 14 10 d 41 2c bf 31 4b 3f 23 162c d4 147 1f 13 2b 54 4b
FIXUPS: 5de00 64 13 3b 97 59 3d 8d 50 75 1b 13 28 87 8c 1d 61 1d d 62 30
FIXUPS: 5e3e8 ffffd6f7 19 1b1d 28 15 58 5b 25 e f 2c 18 4f 27 21 21 13
FIXUPS: 5d87e 1d 1c 15 5f f 12 a 1c 17 17 1d 21 19 23 14 d fffff60c 9a
FIXUPS: 5d108 a 1a d 12 28 ec 3e c 16 13 1d 19 23 44 47 18 46 1f 2f 23
FIXUPS: 5d4b6 26 2c 14 32 17 18 5e 1d 5a84 ffffb3a1 ffffe5c8 6 10c 15 164
FIXUPS: 5cc85 29 f 12 18 17 17 6a 9e 2c 35 48 1f 14 f b 1a 16 19 1f a 1d
FIXUPS: 5cfdf 29 1d 5af3 42 72 3c 18 3f 5a 21 1b 15 51 d 33 19 1b 25 24
FIXUPS: 62e6f 1d 3c 10 31 2b e 16 8 1c 19 11 c 22 76 fffff635 7c 2e 12
FIXUPS: 62788 14 62 13 e 19 b 25 1d 1f e 17 c 16 12 39 1d 1b 11 e 23 16
FIXUPS: 62a24 29 16 22 2d 8 fffff6a2 48 8 39 1d 61 23 1e 32 33 24 1b 2e
FIXUPS: 62390 27 11 21 31 e 2a 47 a 34 d 5b 27 1b 56 27 1e 16 21 fffff583
FIXUPS: 61c2b 7f 63 2f 24 11 29 1d 43 1d 33 10 1a c 19 1e 2e 63 21 13 2d
FIXUPS: 62019 24 2b 30 1c c 14 14 30 20 fffff425 4e 29 23 18 26 d 26 30
FIXUPS: 616a4 2e c 1d 19 1e 26 5a 3f 53 62 5f 52 51 37 40 3c 10 41 2d 1c
FIXUPS: 61b2a 40 fffff58e 25 30 1e 3a 1a d 18 1c 33 15 35 33 1e 34 1c 1a
FIXUPS: 61349 1c 24 d 12 13 19 15 e 3f a 66 22 7 14 fffff6bf 15 34 d 15
FIXUPS: 60c2b 3b 2b 49 e c 2f 13 b c 35 2a e e 23 f 97 1f 3a 71 4b a 19
FIXUPS: 60fde 33 29 9c fffff71a 2f 28 1d 22 f 1f 12 a 9 a 22 10 1e 19 20
FIXUPS: 6097a 9 1a 19 c 17 3c 19 12 13 57 16 14 f 4e 49 fffff81e 1b c 25
FIXUPS: 603f3 11 a 20 15 c 1e 19 19 22 c 17 51 19 12 31 61 66 1a 11 1c
FIXUPS: 606c3 11 1d 52 d 3f a fffff6fd 32 21 10 22 1a 15 b 16 1c 39 21
FIXUPS: 5fff0 10 27 b7 5d 1a 11 14 24 53 4c 25 15 f 15 10 37 33 2f 36 fffff78f
FIXUPS: 5fb2a b 16 1e 22 6 22 4f c 31 c 19 c a f 2b 16 14 13 1d c a f 40
FIXUPS: 5fd7f 48 1f f 6 18 33 fffff81d d 8a 1e 7d d 23 10 27 30 25 13 18
FIXUPS: 5f890 1f 5 c 1f 20 1b 2a 23 1b 3a 22 26 9 1a 33 35 15 50 fffff738
FIXUPS: 5f245 35 26 23 15 c c 10 d 30 11 a 58 19 35 26 1b f 1c 19 b 2a
FIXUPS: 5f4ca 28 1f 3b 14 82 17 19 25 fffff7a3 42 20 2c 24 1a 18 1c 8 22
FIXUPS: 5ef0f 1d 3d 8 34 2a a 3e 20 c 4e 8 26 35 23 22 1b 29 16 25 1b f
FIXUPS: 5e85e 33 15 24 65 11 178 12 16 1c 9 c 48 17 14 1e 12 1b 40 14 9
FIXUPS: 5ec51 23 30 4e 22 36 1e 17 f 1e 1a 4978 93 fffff8f7 43 ffffb330
FIXUPS: 5e45d 18 22 85 13 1b 9a 21 3b 2e b 39 13 e 1e 29 33 1f e 17 c 15
FIXUPS: 5e7c2 b 12 30 35 49b9 a 34 20 1d 12 18 21 d 1f 49 1e 20 1d 14 2c
FIXUPS: 633e4 9 10 1f 67 c4 5d 1d 6 d 10 1c a6 31 1d 2e 3f8 6e 17 1f ea
FIXUPS: 63833 e 30 3b 16 28 1f 26 19 19 12 e 2a 12 1f 3c 6 12 e 12 12 fffff710
FIXUPS: 63181 34 c 1d d 1446 16 8e 1a 1c 60 49 4c 24 20 19 82 fffff787
FIXUPS: 64085 e 2d 27 a5 22 f 3d f 5a 6c 49 21 8b fffff928 fffffddc 33
FIXUPS: 63b08 a 17e3 2b 9c bf 36 17 1a9 45 5d 65 b 60 6f 2f b 8 14 ffffebcc
FIXUPS: 644a0 20 2c 30 12 2f 16 16 1b 1f 11 9 10 38 2040 10 1be ffffe0c4
FIXUPS: 64947 22 8 2e 19 21 8 26 c4 24 14a b7 5d 40 3b 36 5c 2b 3c 38 b1
FIXUPS: 65089 17 e6 2a 12 5f 1f 101d 1f 20 e 13 11 1d d 4a 19 f d f a 1b
FIXUPS: 663da 12 11 16 c 41 10 2f 2a 32 46 40 55 18 26 2f f fffff9d9 f
FIXUPS: 66049 f d d f e a 15 e 16 e 12 12 12 e e 1e e 1c 18 12 b c 13 b
FIXUPS: 661e1 b 43 15 f 67b fffff018 23 32 2f 4c 30 31 45 6 16 6 8 5f a
FIXUPS: 65b11 26 90 c 18 b4 18 1e2 12 e7 2e a 16 f f f f

 656 bytes saved through ICF

