# This file lists all source files used to
# build the CodeBase DLL or static library.
b4block.c
b4node.c
c4.c
c4baspas.c
c4bcd.c
c4blast.c
c4buffer.c
c4code.c
c4com.c
c4com2.c
c4conect.c
c4conlow.c
c4const.c
c4hook.c
c4send.c
c4set.c
c4thread.c
c4trans.c
c4util.c
d4append.c
d4bottom.c
d4close.c
d4create.c
d4data.c
d4date.c
d4extra.c
d4field.c
d4file.c
d4flush.c
d4fresh.c
d4go.c
d4index.c
d4info.c
d4inline.c
d4lock.c
d4modify.c
d4open.c
d4opt.c
d4pack.c
d4positi.c
d4remove.c
d4seek.c
d4skip.c
d4tag.c
d4top.c
d4unlock.c
d4write.c
d4zap.c
df4lock.c
df4unlok.c
e4calc.c
e4calc_2.c
e4error.c
e4expr.c
e4event.c
e4functi.c
e4not_s.c
e4parse.c
e4string.c
f4ass_f.c
f4char.c
f4close.c
f4create.c
f4double.c
f4field.c
f4file.c
f4filese.c
f4find.cpp
f4flag.c
f4flush.c
f4info.c
f4int.c
f4lock.c
f4long.c
f4memo.c
f4open.c
f4opt.c
f4ptr.c
f4str.c
f4temp.c
f4true.c
f4write.c
f4wstr.c
i4add.c
i4addtag.c
i4check.c
i4conv.c
i4create.c
i4dump.c
i4index.c
i4info.c
i4init.c
i4key.c
i4lock.c
i4ntag.c
i4positi.c
i4remove.c
i4tag.c
i4thread.c
l4link.c
l4lock_c.c
l4mutex.c
m4check.c
m4create.c
m4file.c
m4map.c
m4memo.c
m4memory.c
o4opt.c
r4area.c
r4bit.c
r4drive2.c
r4driver.c
r4group.c
r4log.c
r4obj.c
r4regs.c
r4reinde.c
r4reindx.c
r4relate.c
r4report.c
r4save.c
r4save_2.c
r4style.c
r4total.c
s4init.c
s4initfr.c
s4next.c
s4quick.c
s4sort.c
s4signal.c
sema4.c
u4name.c
u4util.c
log5.cpp
